Archive member included to satisfy reference by file (symbol)

/Applications/MCUXpressoIDE_11.6.1_8255/ide/plugins/com.nxp.mcuxpresso.tools.macosx_11.6.1.202207200623/tools/bin/../lib/gcc/arm-none-eabi/10.3.1/../../../../arm-none-eabi/lib/thumb/v7e-m+dp/hard/libcr_nohost_nf.a(_cr__main.o)
                              ./startup/startup_mimxrt1062.o (__main)
/Applications/MCUXpressoIDE_11.6.1_8255/ide/plugins/com.nxp.mcuxpresso.tools.macosx_11.6.1.202207200623/tools/bin/../lib/gcc/arm-none-eabi/10.3.1/../../../../arm-none-eabi/lib/thumb/v7e-m+dp/hard/libcr_c.a(memcpy.o)
                              ./utilities/fsl_str.o (memcpy)
/Applications/MCUXpressoIDE_11.6.1_8255/ide/plugins/com.nxp.mcuxpresso.tools.macosx_11.6.1.202207200623/tools/bin/../lib/gcc/arm-none-eabi/10.3.1/../../../../arm-none-eabi/lib/thumb/v7e-m+dp/hard/libcr_c.a(memset.o)
                              ./utilities/fsl_debug_console.o (memset)
/Applications/MCUXpressoIDE_11.6.1_8255/ide/plugins/com.nxp.mcuxpresso.tools.macosx_11.6.1.202207200623/tools/bin/../lib/gcc/arm-none-eabi/10.3.1/../../../../arm-none-eabi/lib/thumb/v7e-m+dp/hard/libcr_c.a(alloc.o)
                              ./drivers/fsl_common.o (malloc)
/Applications/MCUXpressoIDE_11.6.1_8255/ide/plugins/com.nxp.mcuxpresso.tools.macosx_11.6.1.202207200623/tools/bin/../lib/gcc/arm-none-eabi/10.3.1/../../../../arm-none-eabi/lib/thumb/v7e-m+dp/hard/libcr_c.a(errno.o)
                              ./utilities/fsl_str.o (errno)
/Applications/MCUXpressoIDE_11.6.1_8255/ide/plugins/com.nxp.mcuxpresso.tools.macosx_11.6.1.202207200623/tools/bin/../lib/gcc/arm-none-eabi/10.3.1/../../../../arm-none-eabi/lib/thumb/v7e-m+dp/hard/libcr_c.a(initio.o)
                              /Applications/MCUXpressoIDE_11.6.1_8255/ide/plugins/com.nxp.mcuxpresso.tools.macosx_11.6.1.202207200623/tools/bin/../lib/gcc/arm-none-eabi/10.3.1/../../../../arm-none-eabi/lib/thumb/v7e-m+dp/hard/libcr_nohost_nf.a(_cr__main.o) (_initio)
/Applications/MCUXpressoIDE_11.6.1_8255/ide/plugins/com.nxp.mcuxpresso.tools.macosx_11.6.1.202207200623/tools/bin/../lib/gcc/arm-none-eabi/10.3.1/../../../../arm-none-eabi/lib/thumb/v7e-m+dp/hard/libcr_c.a(scanf.o)
                              ./utilities/fsl_str.o (strtoul)
/Applications/MCUXpressoIDE_11.6.1_8255/ide/plugins/com.nxp.mcuxpresso.tools.macosx_11.6.1.202207200623/tools/bin/../lib/gcc/arm-none-eabi/10.3.1/../../../../arm-none-eabi/lib/thumb/v7e-m+dp/hard/libcr_c.a(setvbuf.o)
                              /Applications/MCUXpressoIDE_11.6.1_8255/ide/plugins/com.nxp.mcuxpresso.tools.macosx_11.6.1.202207200623/tools/bin/../lib/gcc/arm-none-eabi/10.3.1/../../../../arm-none-eabi/lib/thumb/v7e-m+dp/hard/libcr_c.a(initio.o) (setvbuf)
/Applications/MCUXpressoIDE_11.6.1_8255/ide/plugins/com.nxp.mcuxpresso.tools.macosx_11.6.1.202207200623/tools/bin/../lib/gcc/arm-none-eabi/10.3.1/../../../../arm-none-eabi/lib/thumb/v7e-m+dp/hard/libcr_c.a(strlen.o)
                              ./utilities/fsl_str.o (strlen)
/Applications/MCUXpressoIDE_11.6.1_8255/ide/plugins/com.nxp.mcuxpresso.tools.macosx_11.6.1.202207200623/tools/bin/../lib/gcc/arm-none-eabi/10.3.1/../../../../arm-none-eabi/lib/thumb/v7e-m+dp/hard/libcr_c.a(ungetc.o)
                              /Applications/MCUXpressoIDE_11.6.1_8255/ide/plugins/com.nxp.mcuxpresso.tools.macosx_11.6.1.202207200623/tools/bin/../lib/gcc/arm-none-eabi/10.3.1/../../../../arm-none-eabi/lib/thumb/v7e-m+dp/hard/libcr_c.a(scanf.o) (ungetc)
/Applications/MCUXpressoIDE_11.6.1_8255/ide/plugins/com.nxp.mcuxpresso.tools.macosx_11.6.1.202207200623/tools/bin/../lib/gcc/arm-none-eabi/10.3.1/../../../../arm-none-eabi/lib/thumb/v7e-m+dp/hard/libcr_c.a(__fillbuf.o)
                              /Applications/MCUXpressoIDE_11.6.1_8255/ide/plugins/com.nxp.mcuxpresso.tools.macosx_11.6.1.202207200623/tools/bin/../lib/gcc/arm-none-eabi/10.3.1/../../../../arm-none-eabi/lib/thumb/v7e-m+dp/hard/libcr_c.a(scanf.o) (__filbuf)
/Applications/MCUXpressoIDE_11.6.1_8255/ide/plugins/com.nxp.mcuxpresso.tools.macosx_11.6.1.202207200623/tools/bin/../lib/gcc/arm-none-eabi/10.3.1/../../../../arm-none-eabi/lib/thumb/v7e-m+dp/hard/libcr_c.a(__init_alloc.o)
                              /Applications/MCUXpressoIDE_11.6.1_8255/ide/plugins/com.nxp.mcuxpresso.tools.macosx_11.6.1.202207200623/tools/bin/../lib/gcc/arm-none-eabi/10.3.1/../../../../arm-none-eabi/lib/thumb/v7e-m+dp/hard/libcr_c.a(alloc.o) (__heaps)
/Applications/MCUXpressoIDE_11.6.1_8255/ide/plugins/com.nxp.mcuxpresso.tools.macosx_11.6.1.202207200623/tools/bin/../lib/gcc/arm-none-eabi/10.3.1/../../../../arm-none-eabi/lib/thumb/v7e-m+dp/hard/libcr_c.a(_cr_sbrk.o)
                              /Applications/MCUXpressoIDE_11.6.1_8255/ide/plugins/com.nxp.mcuxpresso.tools.macosx_11.6.1.202207200623/tools/bin/../lib/gcc/arm-none-eabi/10.3.1/../../../../arm-none-eabi/lib/thumb/v7e-m+dp/hard/libcr_c.a(alloc.o) (_sbrk)
[...]
Memory Configuration

Name             Origin             Length             Attributes
BOARD_FLASH      0x0000000060000000 0x0000000000800000 xr
SRAM_DTC         0x0000000020000000 0x0000000000020000 xrw
SRAM_ITC         0x0000000000000000 0x0000000000020000 xrw
SRAM_OC          0x0000000020200000 0x00000000000c0000 xrw
BOARD_SDRAM      0x0000000080000000 0x0000000001e00000 xrw
NCACHE_REGION    0x0000000081e00000 0x0000000000200000 xrw
*default*        0x0000000000000000 0xffffffffffffffff

Linker script and memory map

LOAD ./xip/evkmimxrt1060_flexspi_nor_config.o
LOAD ./xip/fsl_flexspi_nor_boot.o
LOAD ./utilities/fsl_assert.o
LOAD ./utilities/fsl_debug_console.o
LOAD ./utilities/fsl_str.o
LOAD ./startup/startup_mimxrt1062.o
LOAD ./source/led_blinky.o
LOAD ./source/semihost_hardfault.o
LOAD ./drivers/fsl_clock.o
LOAD ./drivers/fsl_common.o
LOAD ./drivers/fsl_common_arm.o
LOAD ./drivers/fsl_gpio.o
LOAD ./drivers/fsl_lpuart.o
LOAD ./device/system_MIMXRT1062.o
LOAD ./component/uart/fsl_adapter_lpuart.o
LOAD ./component/silicon_id/fsl_silicon_id.o
LOAD ./component/serial_manager/fsl_component_serial_manager.o
LOAD ./component/serial_manager/fsl_component_serial_port_uart.o
LOAD ./component/lists/fsl_component_generic_list.o
LOAD ./board/board.o
LOAD ./board/clock_config.o
LOAD ./board/dcd.o
LOAD ./board/pin_mux.o
START GROUP
LOAD /Applications/MCUXpressoIDE_11.6.1_8255/ide/plugins/com.nxp.mcuxpresso.tools.macosx_11.6.1.202207200623/tools/bin/../lib/gcc/arm-none-eabi/10.3.1/../../../../arm-none-eabi/lib/thumb/v7e-m+dp/hard/libcr_nohost_nf.a
LOAD /Applications/MCUXpressoIDE_11.6.1_8255/ide/plugins/com.nxp.mcuxpresso.tools.macosx_11.6.1.202207200623/tools/bin/../lib/gcc/arm-none-eabi/10.3.1/../../../../arm-none-eabi/lib/thumb/v7e-m+dp/hard/libcr_c.a
LOAD /Applications/MCUXpressoIDE_11.6.1_8255/ide/plugins/com.nxp.mcuxpresso.tools.macosx_11.6.1.202207200623/tools/bin/../lib/gcc/arm-none-eabi/10.3.1/thumb/v7e-m+dp/hard/libcr_eabihelpers.a
LOAD /Applications/MCUXpressoIDE_11.6.1_8255/ide/plugins/com.nxp.mcuxpresso.tools.macosx_11.6.1.202207200623/tools/bin/../lib/gcc/arm-none-eabi/10.3.1/thumb/v7e-m+dp/hard/libgcc.a
END GROUP
                0x0000000060000000                __base_BOARD_FLASH = 0x60000000
                0x0000000060000000                __base_Flash = 0x60000000
                0x0000000060800000                __top_BOARD_FLASH = 0x60800000
                0x0000000060800000                __top_Flash = 0x60800000
                0x0000000020000000                __base_SRAM_DTC = 0x20000000
                0x0000000020000000                __base_RAM = 0x20000000
                0x0000000020020000                __top_SRAM_DTC = 0x20020000
                0x0000000020020000                __top_RAM = 0x20020000
                0x0000000000000000                __base_SRAM_ITC = 0x0
                0x0000000000000000                __base_RAM2 = 0x0
                0x0000000000020000                __top_SRAM_ITC = 0x20000
                0x0000000000020000                __top_RAM2 = 0x20000
                0x0000000020200000                __base_SRAM_OC = 0x20200000
                0x0000000020200000                __base_RAM3 = 0x20200000
                0x00000000202c0000                __top_SRAM_OC = 0x202c0000
                0x00000000202c0000                __top_RAM3 = 0x202c0000
                0x0000000080000000                __base_BOARD_SDRAM = 0x80000000
                0x0000000080000000                __base_RAM4 = 0x80000000
                0x0000000081e00000                __top_BOARD_SDRAM = 0x81e00000
                0x0000000081e00000                __top_RAM4 = 0x81e00000
                0x0000000081e00000                __base_NCACHE_REGION = 0x81e00000
                0x0000000081e00000                __base_RAM5 = 0x81e00000
                0x0000000082000000                __top_NCACHE_REGION = 0x82000000
                0x0000000082000000                __top_RAM5 = 0x82000000

.boot_hdr       0x0000000060000000     0x2000
 FILL mask 0xff
                0x0000000060000000                __boot_hdr_start__ = ABSOLUTE (.)
 *(SORT_BY_ALIGNMENT(.boot_hdr.conf))
 .boot_hdr.conf
                0x0000000060000000      0x200 ./xip/evkmimxrt1060_flexspi_nor_config.o
                0x0000000060000000                qspiflash_config
                0x0000000000001000                . = 0x1000
 *fill*         0x0000000060000200      0xe00 ff
 *(SORT_BY_ALIGNMENT(.boot_hdr.ivt))
 .boot_hdr.ivt  0x0000000060001000       0x20 ./xip/fsl_flexspi_nor_boot.o
                0x0000000060001000                image_vector_table
                0x0000000000001020                . = 0x1020
 *(SORT_BY_ALIGNMENT(.boot_hdr.boot_data))
 .boot_hdr.boot_data
                0x0000000060001020       0x10 ./xip/fsl_flexspi_nor_boot.o
                0x0000000060001020                g_boot_data
                0x0000000000001030                . = 0x1030
 *(SORT_BY_ALIGNMENT(.boot_hdr.dcd_data))
                0x0000000060001030                __boot_hdr_end__ = ABSOLUTE (.)
                0x0000000000002000                . = 0x2000
 *fill*         0x0000000060001030      0xfd0 ff

.text           0x0000000060002000     0x3888
 FILL mask 0xff
                0x0000000060002000                __vectors_start__ = ABSOLUTE (.)
 *(SORT_BY_ALIGNMENT(.isr_vector))
 .isr_vector    0x0000000060002000      0x2b8 ./startup/startup_mimxrt1062.o
                0x0000000060002000                __Vectors
                0x0000000060002000                g_pfnVectors
                0x00000000600022b8                . = ALIGN (0x4)
                0x00000000600022b8                __section_table_start = .
                0x00000000600022b8                __data_section_table = .
                0x00000000600022b8        0x4 LONG 0x60005888 LOADADDR (.data)
                0x00000000600022bc        0x4 LONG 0x20000000 ADDR (.data)
                0x00000000600022c0        0x4 LONG 0x4 SIZEOF (.data)
                0x00000000600022c4        0x4 LONG 0x60005888 LOADADDR (.data_RAM2)
                0x00000000600022c8        0x4 LONG 0x0 ADDR (.data_RAM2)
                0x00000000600022cc        0x4 LONG 0x0 SIZEOF (.data_RAM2)
                0x00000000600022d0        0x4 LONG 0x60005888 LOADADDR (.data_RAM3)
                0x00000000600022d4        0x4 LONG 0x20200000 ADDR (.data_RAM3)
                0x00000000600022d8        0x4 LONG 0x0 SIZEOF (.data_RAM3)
                0x00000000600022dc        0x4 LONG 0x60005888 LOADADDR (.data_RAM4)
                0x00000000600022e0        0x4 LONG 0x80000000 ADDR (.data_RAM4)
                0x00000000600022e4        0x4 LONG 0x0 SIZEOF (.data_RAM4)
                0x00000000600022e8        0x4 LONG 0x60005888 LOADADDR (.data_RAM5)
                0x00000000600022ec        0x4 LONG 0x81e00000 ADDR (.data_RAM5)
                0x00000000600022f0        0x4 LONG 0x0 SIZEOF (.data_RAM5)
                0x00000000600022f4                __data_section_table_end = .
                0x00000000600022f4                __bss_section_table = .
                0x00000000600022f4        0x4 LONG 0x20000004 ADDR (.bss)
                0x00000000600022f8        0x4 LONG 0x114 SIZEOF (.bss)
                0x00000000600022fc        0x4 LONG 0x0 ADDR (.bss_RAM2)
                0x0000000060002300        0x4 LONG 0x0 SIZEOF (.bss_RAM2)
                0x0000000060002304        0x4 LONG 0x20200000 ADDR (.bss_RAM3)
                0x0000000060002308        0x4 LONG 0x0 SIZEOF (.bss_RAM3)
                0x000000006000230c        0x4 LONG 0x80000000 ADDR (.bss_RAM4)
                0x0000000060002310        0x4 LONG 0x0 SIZEOF (.bss_RAM4)
                0x0000000060002314        0x4 LONG 0x81e00000 ADDR (.bss_RAM5)
                0x0000000060002318        0x4 LONG 0x0 SIZEOF (.bss_RAM5)
                0x000000006000231c                __bss_section_table_end = .
                0x000000006000231c                __section_table_end = .
 *(SORT_BY_ALIGNMENT(.after_vectors*))
 .after_vectors.reset
                0x000000006000231c       0x54 ./startup/startup_mimxrt1062.o
                0x000000006000231c                ResetISR
 .after_vectors.init_data
                0x0000000060002370       0x1e ./startup/startup_mimxrt1062.o
                0x0000000060002370                data_init
 .after_vectors.init_bss
                0x000000006000238e       0x12 ./startup/startup_mimxrt1062.o
                0x000000006000238e                bss_init
 .after_vectors
                0x00000000600023a0       0x14 ./startup/startup_mimxrt1062.o
                0x00000000600023a0                NMI_Handler
                0x00000000600023a4                MemManage_Handler
                0x00000000600023a6                BusFault_Handler
                0x00000000600023a8                UsageFault_Handler
                0x00000000600023aa                SVC_Handler
                0x00000000600023ac                DebugMon_Handler
                0x00000000600023ae                PendSV_Handler
                0x00000000600023b2                PIT_DriverIRQHandler
                0x00000000600023b2                PMU_EVENT_DriverIRQHandler
                0x00000000600023b2                PWM4_FAULT_DriverIRQHandler
                0x00000000600023b2                DMA13_DMA29_DriverIRQHandler
                0x00000000600023b2                FLEXRAM_DriverIRQHandler
                0x00000000600023b2                LPSPI4_DriverIRQHandler
                0x00000000600023b2                SEMC_DriverIRQHandler
                0x00000000600023b2                SPDIF_DriverIRQHandler
                0x00000000600023b2                PWM4_3_DriverIRQHandler
                0x00000000600023b2                ENET2_DriverIRQHandler
                0x00000000600023b2                USB_PHY1_DriverIRQHandler
                0x00000000600023b2                GPIO3_Combined_0_15_DriverIRQHandler
                0x00000000600023b2                CAN3_DriverIRQHandler
                0x00000000600023b2                Reserved171_DriverIRQHandler
                0x00000000600023b2                DMA7_DMA23_DriverIRQHandler
                0x00000000600023b2                BEE_DriverIRQHandler
                0x00000000600023b2                LPI2C3_DriverIRQHandler
                0x00000000600023b2                GPR_IRQ_DriverIRQHandler
                0x00000000600023b2                PWM2_FAULT_DriverIRQHandler
                0x00000000600023b2                PWM3_1_DriverIRQHandler
                0x00000000600023b2                DMA14_DMA30_DriverIRQHandler
                0x00000000600023b2                TMR1_DriverIRQHandler
                0x00000000600023b2                TRNG_DriverIRQHandler
                0x00000000600023b2                PWM3_2_DriverIRQHandler
                0x00000000600023b2                ENET_1588_Timer_DriverIRQHandler
                0x00000000600023b2                FLEXIO2_DriverIRQHandler
                0x00000000600023b2                GPIO2_Combined_16_31_DriverIRQHandler
                0x00000000600023b2                Reserved143_DriverIRQHandler
                0x00000000600023b2                PWM4_1_DriverIRQHandler
                0x00000000600023b2                PWM3_3_DriverIRQHandler
                0x00000000600023b2                DMA0_DMA16_DriverIRQHandler
                0x00000000600023b2                IntDefaultHandler
                0x00000000600023b2                DMA2_DMA18_DriverIRQHandler
                0x00000000600023b2                SRC_DriverIRQHandler
                0x00000000600023b2                GPIO1_INT4_DriverIRQHandler
                0x00000000600023b2                Reserved144_DriverIRQHandler
                0x00000000600023b2                USDHC1_DriverIRQHandler
                0x00000000600023b2                ENC3_DriverIRQHandler
                0x00000000600023b2                PWM3_FAULT_DriverIRQHandler
                0x00000000600023b2                EWM_DriverIRQHandler
                0x00000000600023b2                TSC_DIG_DriverIRQHandler
                0x00000000600023b2                WDOG1_DriverIRQHandler
                0x00000000600023b2                FLEXIO1_DriverIRQHandler
                0x00000000600023b2                ENET_DriverIRQHandler
                0x00000000600023b2                Reserved78_DriverIRQHandler
                0x00000000600023b2                TMR4_DriverIRQHandler
                0x00000000600023b2                ENC2_DriverIRQHandler
                0x00000000600023b2                ADC_ETC_IRQ2_DriverIRQHandler
                0x00000000600023b2                GPIO1_Combined_16_31_DriverIRQHandler
                0x00000000600023b2                GPIO1_INT7_DriverIRQHandler
                0x00000000600023b2                SAI1_DriverIRQHandler
                0x00000000600023b2                DCDC_DriverIRQHandler
                0x00000000600023b2                DMA12_DMA28_DriverIRQHandler
                0x00000000600023b2                PWM4_0_DriverIRQHandler
                0x00000000600023b2                ADC_ETC_ERROR_IRQ_DriverIRQHandler
                0x00000000600023b2                ACMP2_DriverIRQHandler
                0x00000000600023b2                GPIO5_Combined_0_15_DriverIRQHandler
                0x00000000600023b2                GPIO1_INT0_DriverIRQHandler
                0x00000000600023b2                GPIO1_INT2_DriverIRQHandler
                0x00000000600023b2                RTWDOG_DriverIRQHandler
                0x00000000600023b2                FLEXSPI_DriverIRQHandler
                0x00000000600023b2                GPT2_DriverIRQHandler
                0x00000000600023b2                USB_PHY2_DriverIRQHandler
                0x00000000600023b2                DMA10_DMA26_DriverIRQHandler
                0x00000000600023b2                PWM2_1_DriverIRQHandler
                0x00000000600023b2                PWM1_1_DriverIRQHandler
                0x00000000600023b2                PXP_DriverIRQHandler
                0x00000000600023b2                ADC1_DriverIRQHandler
                0x00000000600023b2                GPIO10_Combined_0_31_DriverIRQHandler
                0x00000000600023b2                PWM1_0_DriverIRQHandler
                0x00000000600023b2                SJC_DriverIRQHandler
                0x00000000600023b2                DMA1_DMA17_DriverIRQHandler
                0x00000000600023b2                ENC1_DriverIRQHandler
                0x00000000600023b2                ENC4_DriverIRQHandler
                0x00000000600023b2                CAN2_DriverIRQHandler
                0x00000000600023b2                DCP_DriverIRQHandler
                0x00000000600023b2                CTI0_ERROR_DriverIRQHandler
                0x00000000600023b2                DMA8_DMA24_DriverIRQHandler
                0x00000000600023b2                GPT1_DriverIRQHandler
                0x00000000600023b2                ACMP3_DriverIRQHandler
                0x00000000600023b2                DMA6_DMA22_DriverIRQHandler
                0x00000000600023b2                CSU_DriverIRQHandler
                0x00000000600023b2                GPIO1_INT5_DriverIRQHandler
                0x00000000600023b2                TMR3_DriverIRQHandler
                0x00000000600023b2                TMR2_DriverIRQHandler
                0x00000000600023b2                CTI1_ERROR_DriverIRQHandler
                0x00000000600023b2                GPIO1_Combined_0_15_DriverIRQHandler
                0x00000000600023b2                USDHC2_DriverIRQHandler
                0x00000000600023b2                PWM4_2_DriverIRQHandler
                0x00000000600023b2                SAI2_DriverIRQHandler
                0x00000000600023b2                CORE_DriverIRQHandler
                0x00000000600023b2                DMA11_DMA27_DriverIRQHandler
                0x00000000600023b2                CSI_DriverIRQHandler
                0x00000000600023b2                PWM2_3_DriverIRQHandler
                0x00000000600023b2                XBAR1_IRQ_2_3_DriverIRQHandler
                0x00000000600023b2                SNVS_HP_WRAPPER_TZ_DriverIRQHandler
                0x00000000600023b2                GPIO3_Combined_16_31_DriverIRQHandler
                0x00000000600023b2                PWM1_FAULT_DriverIRQHandler
                0x00000000600023b2                LPI2C1_DriverIRQHandler
                0x00000000600023b2                ENET2_1588_Timer_DriverIRQHandler
                0x00000000600023b2                PWM2_2_DriverIRQHandler
                0x00000000600023b2                DMA4_DMA20_DriverIRQHandler
                0x00000000600023b2                DMA9_DMA25_DriverIRQHandler
                0x00000000600023b2                SNVS_HP_WRAPPER_DriverIRQHandler
                0x00000000600023b2                XBAR1_IRQ_0_1_DriverIRQHandler
                0x00000000600023b2                ADC_ETC_IRQ1_DriverIRQHandler
                0x00000000600023b2                LPSPI1_DriverIRQHandler
                0x00000000600023b2                DMA3_DMA19_DriverIRQHandler
                0x00000000600023b2                GPIO1_INT3_DriverIRQHandler
                0x00000000600023b2                DCP_VMI_DriverIRQHandler
                0x00000000600023b2                LPI2C4_DriverIRQHandler
                0x00000000600023b2                GPC_DriverIRQHandler
                0x00000000600023b2                GPIO2_Combined_0_15_DriverIRQHandler
                0x00000000600023b2                PWM1_2_DriverIRQHandler
                0x00000000600023b2                USB_OTG1_DriverIRQHandler
                0x00000000600023b2                TEMP_LOW_HIGH_DriverIRQHandler
                0x00000000600023b2                SAI3_TX_DriverIRQHandler
                0x00000000600023b2                FLEXIO3_DriverIRQHandler
                0x00000000600023b2                WDOG2_DriverIRQHandler
                0x00000000600023b2                Reserved68_DriverIRQHandler
                0x00000000600023b2                PWM3_0_DriverIRQHandler
                0x00000000600023b2                GPIO4_Combined_0_15_DriverIRQHandler
                0x00000000600023b2                GPIO4_Combined_16_31_DriverIRQHandler
                0x00000000600023b2                GPIO6_7_8_9_DriverIRQHandler
                0x00000000600023b2                GPIO5_Combined_16_31_DriverIRQHandler
                0x00000000600023b2                DMA5_DMA21_DriverIRQHandler
                0x00000000600023b2                CCM_1_DriverIRQHandler
                0x00000000600023b2                ADC2_DriverIRQHandler
                0x00000000600023b2                Reserved115_DriverIRQHandler
                0x00000000600023b2                TEMP_PANIC_DriverIRQHandler
                0x00000000600023b2                DMA15_DMA31_DriverIRQHandler
                0x00000000600023b2                LPSPI3_DriverIRQHandler
                0x00000000600023b2                PWM1_3_DriverIRQHandler
                0x00000000600023b2                ACMP1_DriverIRQHandler
                0x00000000600023b2                LPI2C2_DriverIRQHandler
                0x00000000600023b2                Reserved86_DriverIRQHandler
                0x00000000600023b2                DMA_ERROR_DriverIRQHandler
                0x00000000600023b2                ADC_ETC_IRQ0_DriverIRQHandler
                0x00000000600023b2                CAN1_DriverIRQHandler
                0x00000000600023b2                GPIO1_INT6_DriverIRQHandler
                0x00000000600023b2                GPIO1_INT1_DriverIRQHandler
                0x00000000600023b2                PWM2_0_DriverIRQHandler
                0x00000000600023b2                SNVS_LP_WRAPPER_DriverIRQHandler
                0x00000000600023b2                ACMP4_DriverIRQHandler
                0x00000000600023b2                USB_OTG2_DriverIRQHandler
                0x00000000600023b2                KPP_DriverIRQHandler
                0x00000000600023b2                FLEXSPI2_DriverIRQHandler
                0x00000000600023b2                LPSPI2_DriverIRQHandler
                0x00000000600023b2                LCDIF_DriverIRQHandler
                0x00000000600023b2                SAI3_RX_DriverIRQHandler
                0x00000000600023b2                CCM_2_DriverIRQHandler
 *(SORT_BY_ALIGNMENT(.text*))
 .text.__assertion_failed
                0x00000000600023b4       0x18 ./utilities/fsl_assert.o
                0x00000000600023b4                __assertion_failed
 .text.DbgConsole_SendDataReliable
                0x00000000600023cc       0x54 ./utilities/fsl_debug_console.o
                0x00000000600023cc                DbgConsole_SendDataReliable
 .text.DbgConsole_Vprintf
                0x0000000060002420       0x6c ./utilities/fsl_debug_console.o
                0x0000000060002420                DbgConsole_Vprintf
 .text.__NVIC_SetPriority
                0x000000006000248c       0x54 ./source/led_blinky.o
 .text.SysTick_Config
                0x00000000600024e0       0x44 ./source/led_blinky.o
 .text.SysTick_Handler
                0x0000000060002524       0x24 ./source/led_blinky.o
                0x0000000060002524                SysTick_Handler
 .text.SysTick_DelayTicks
                0x0000000060002548       0x2c ./source/led_blinky.o
                0x0000000060002548                SysTick_DelayTicks
 .text.main     0x0000000060002574       0x74 ./source/led_blinky.o
                0x0000000060002574                main
 .text.CLOCK_InitExternalClk
                0x00000000600025e8       0x6c ./drivers/fsl_clock.o
                0x00000000600025e8                CLOCK_InitExternalClk
 .text.CLOCK_SwitchOsc
                0x0000000060002654       0x34 ./drivers/fsl_clock.o
                0x0000000060002654                CLOCK_SwitchOsc
 .text.CLOCK_InitRcOsc24M
                0x0000000060002688       0x24 ./drivers/fsl_clock.o
                0x0000000060002688                CLOCK_InitRcOsc24M
 .text.CLOCK_InitArmPll
                0x00000000600026ac       0x68 ./drivers/fsl_clock.o
                0x00000000600026ac                CLOCK_InitArmPll
 .text.CLOCK_InitSysPll
                0x0000000060002714       0x9c ./drivers/fsl_clock.o
                0x0000000060002714                CLOCK_InitSysPll
 .text.CLOCK_DeinitUsb2Pll
                0x00000000600027b0       0x18 ./drivers/fsl_clock.o
                0x00000000600027b0                CLOCK_DeinitUsb2Pll
 .text.CLOCK_DeinitAudioPll
                0x00000000600027c8       0x1c ./drivers/fsl_clock.o
                0x00000000600027c8                CLOCK_DeinitAudioPll
 .text.CLOCK_DeinitEnetPll
                0x00000000600027e4       0x1c ./drivers/fsl_clock.o
                0x00000000600027e4                CLOCK_DeinitEnetPll
 .text.CLOCK_InitSysPfd
                0x0000000060002800       0x64 ./drivers/fsl_clock.o
                0x0000000060002800                CLOCK_InitSysPfd
 .text.CLOCK_ControlGate
                0x0000000060002864       0x60 ./drivers/fsl_gpio.o
 .text.GPIO_GetInstance
                0x00000000600028c4       0x4c ./drivers/fsl_gpio.o
 .text.GPIO_PinInit
                0x0000000060002910       0xa4 ./drivers/fsl_gpio.o
                0x0000000060002910                GPIO_PinInit
 .text.GPIO_PinWrite
                0x00000000600029b4       0x48 ./drivers/fsl_gpio.o
                0x00000000600029b4                GPIO_PinWrite
 .text.GPIO_PinSetInterruptConfig
                0x00000000600029fc       0xfc ./drivers/fsl_gpio.o
                0x00000000600029fc                GPIO_PinSetInterruptConfig
 .text.LPUART_WriteBlocking
                0x0000000060002af8       0x68 ./drivers/fsl_lpuart.o
                0x0000000060002af8                LPUART_WriteBlocking
 .text.LPUART1_DriverIRQHandler
                0x0000000060002b60       0x28 ./drivers/fsl_lpuart.o
                0x0000000060002b60                LPUART1_DriverIRQHandler
 .text.LPUART2_DriverIRQHandler
                0x0000000060002b88       0x28 ./drivers/fsl_lpuart.o
                0x0000000060002b88                LPUART2_DriverIRQHandler
 .text.LPUART3_DriverIRQHandler
                0x0000000060002bb0       0x28 ./drivers/fsl_lpuart.o
                0x0000000060002bb0                LPUART3_DriverIRQHandler
 .text.LPUART4_DriverIRQHandler
                0x0000000060002bd8       0x28 ./drivers/fsl_lpuart.o
                0x0000000060002bd8                LPUART4_DriverIRQHandler
 .text.LPUART5_DriverIRQHandler
                0x0000000060002c00       0x28 ./drivers/fsl_lpuart.o
                0x0000000060002c00                LPUART5_DriverIRQHandler
 .text.LPUART6_DriverIRQHandler
                0x0000000060002c28       0x28 ./drivers/fsl_lpuart.o
                0x0000000060002c28                LPUART6_DriverIRQHandler
 .text.LPUART7_DriverIRQHandler
                0x0000000060002c50       0x28 ./drivers/fsl_lpuart.o
                0x0000000060002c50                LPUART7_DriverIRQHandler
 .text.LPUART8_DriverIRQHandler
                0x0000000060002c78       0x28 ./drivers/fsl_lpuart.o
                0x0000000060002c78                LPUART8_DriverIRQHandler
 .text.SystemInit
                0x0000000060002ca0      0x144 ./device/system_MIMXRT1062.o
                0x0000000060002ca0                SystemInit
 .text.SystemCoreClockUpdate
                0x0000000060002de4      0x214 ./device/system_MIMXRT1062.o
                0x0000000060002de4                SystemCoreClockUpdate
 .text.HAL_UartSendBlocking
                0x0000000060002ff8       0x64 ./component/uart/fsl_adapter_lpuart.o
                0x0000000060002ff8                HAL_UartSendBlocking
 .text.ARM_MPU_Enable
                0x000000006000305c       0x44 ./board/board.o
 .text.ARM_MPU_Disable
                0x00000000600030a0       0x40 ./board/board.o
 .text.BOARD_ConfigMPU
                0x00000000600030e0      0x34c ./board/board.o
                0x00000000600030e0                BOARD_ConfigMPU
 .text.CLOCK_SetMux
                0x000000006000342c       0x9c ./board/clock_config.o
 .text.CLOCK_SetDiv
                0x00000000600034c8       0x9c ./board/clock_config.o
 .text.CLOCK_ControlGate
                0x0000000060003564       0x60 ./board/clock_config.o
 .text.CLOCK_SetXtalFreq
                0x00000000600035c4       0x20 ./board/clock_config.o
 .text.CLOCK_SetRtcXtalFreq
                0x00000000600035e4       0x20 ./board/clock_config.o
 .text.IOMUXC_MQSConfig
                0x0000000060003604       0x44 ./board/clock_config.o
 .text.BOARD_BootClockRUN
                0x0000000060003648      0x6d0 ./board/clock_config.o
                0x0000000060003648                BOARD_BootClockRUN
 .text.CLOCK_ControlGate
                0x0000000060003d18       0x60 ./board/pin_mux.o
 .text.BOARD_InitPins
                0x0000000060003d78      0x11c ./board/pin_mux.o
                0x0000000060003d78                BOARD_InitPins
 .text._initio  0x0000000060003e94       0x78 /Applications/MCUXpressoIDE_11.6.1_8255/ide/plugins/com.nxp.mcuxpresso.tools.macosx_11.6.1.202207200623/tools/bin/../lib/gcc/arm-none-eabi/10.3.1/../../../../arm-none-eabi/lib/thumb/v7e-m+dp/hard/libcr_c.a(initio.o)
                0x0000000060003e94                _initio
 .text._Cwritebuf
                0x0000000060003f0c       0x6c /Applications/MCUXpressoIDE_11.6.1_8255/ide/plugins/com.nxp.mcuxpresso.tools.macosx_11.6.1.202207200623/tools/bin/../lib/gcc/arm-none-eabi/10.3.1/../../../../arm-none-eabi/lib/thumb/v7e-m+dp/hard/libcr_c.a(_writebuf.o)
                0x0000000060003f0c                _Cwritebuf
 .text.fflush   0x0000000060003f78       0x3c /Applications/MCUXpressoIDE_11.6.1_8255/ide/plugins/com.nxp.mcuxpresso.tools.macosx_11.6.1.202207200623/tools/bin/../lib/gcc/arm-none-eabi/10.3.1/../../../../arm-none-eabi/lib/thumb/v7e-m+dp/hard/libcr_c.a(fflush.o)
                0x0000000060003f78                fflush
 .text.fseek    0x0000000060003fb4       0xfc /Applications/MCUXpressoIDE_11.6.1_8255/ide/plugins/com.nxp.mcuxpresso.tools.macosx_11.6.1.202207200623/tools/bin/../lib/gcc/arm-none-eabi/10.3.1/../../../../arm-none-eabi/lib/thumb/v7e-m+dp/hard/libcr_c.a(fseek.o)
                0x0000000060003fb4                fseek
 .text.ftell    0x00000000600040b0       0x44 /Applications/MCUXpressoIDE_11.6.1_8255/ide/plugins/com.nxp.mcuxpresso.tools.macosx_11.6.1.202207200623/tools/bin/../lib/gcc/arm-none-eabi/10.3.1/../../../../arm-none-eabi/lib/thumb/v7e-m+dp/hard/libcr_c.a(ftell.o)
                0x00000000600040b0                ftell
 .text.DbgConsole_PrintCallback
                0x00000000600040f4       0x66 ./utilities/fsl_debug_console.o
 .text.DbgConsole_Printf
                0x000000006000415a       0x2c ./utilities/fsl_debug_console.o
                0x000000006000415a                DbgConsole_Printf
 .text.PrintGetWidth
                0x0000000060004186       0x6a ./utilities/fsl_str.o
 .text.PrintGetPrecision
                0x00000000600041f0       0x8c ./utilities/fsl_str.o
 .text.PrintIsobpu
                0x000000006000427c       0x38 ./utilities/fsl_str.o
 .text.PrintIsdi
                0x00000000600042b4       0x2c ./utilities/fsl_str.o
 .text.PrintOutputdifFobpu
                0x00000000600042e0       0x44 ./utilities/fsl_str.o
 .text.PrintOutputxX
                0x0000000060004324       0x44 ./utilities/fsl_str.o
 .text.PrintIsfF
                0x0000000060004368       0x2c ./utilities/fsl_str.o
 .text.PrintIsxX
                0x0000000060004394       0x2c ./utilities/fsl_str.o
 .text.PrintFilterLengthFlag
                0x00000000600043c0       0x3e ./utilities/fsl_str.o
 .text.PrintGetRadixFromobpu
                0x00000000600043fe       0x40 ./utilities/fsl_str.o
 .text.ConvertRadixNumToString
                0x000000006000443e       0xc2 ./utilities/fsl_str.o
 .text.StrFormatPrintf
                0x0000000060004500      0x2ac ./utilities/fsl_str.o
                0x0000000060004500                StrFormatPrintf
 .text.DMA0_DMA16_IRQHandler
                0x00000000600047ac        0x8 ./startup/startup_mimxrt1062.o
                0x00000000600047ac                DMA0_DMA16_IRQHandler
 .text.DMA1_DMA17_IRQHandler
                0x00000000600047b4        0x8 ./startup/startup_mimxrt1062.o
                0x00000000600047b4                DMA1_DMA17_IRQHandler
 .text.DMA2_DMA18_IRQHandler
                0x00000000600047bc        0x8 ./startup/startup_mimxrt1062.o
                0x00000000600047bc                DMA2_DMA18_IRQHandler
 .text.DMA3_DMA19_IRQHandler
                0x00000000600047c4        0x8 ./startup/startup_mimxrt1062.o
                0x00000000600047c4                DMA3_DMA19_IRQHandler
 .text.DMA4_DMA20_IRQHandler
                0x00000000600047cc        0x8 ./startup/startup_mimxrt1062.o
                0x00000000600047cc                DMA4_DMA20_IRQHandler
 .text.DMA5_DMA21_IRQHandler
                0x00000000600047d4        0x8 ./startup/startup_mimxrt1062.o
                0x00000000600047d4                DMA5_DMA21_IRQHandler
 .text.DMA6_DMA22_IRQHandler
                0x00000000600047dc        0x8 ./startup/startup_mimxrt1062.o
                0x00000000600047dc                DMA6_DMA22_IRQHandler
 .text.DMA7_DMA23_IRQHandler
                0x00000000600047e4        0x8 ./startup/startup_mimxrt1062.o
                0x00000000600047e4                DMA7_DMA23_IRQHandler
 .text.DMA8_DMA24_IRQHandler
                0x00000000600047ec        0x8 ./startup/startup_mimxrt1062.o
                0x00000000600047ec                DMA8_DMA24_IRQHandler
 .text.DMA9_DMA25_IRQHandler
                0x00000000600047f4        0x8 ./startup/startup_mimxrt1062.o
                0x00000000600047f4                DMA9_DMA25_IRQHandler
 .text.DMA10_DMA26_IRQHandler
                0x00000000600047fc        0x8 ./startup/startup_mimxrt1062.o
                0x00000000600047fc                DMA10_DMA26_IRQHandler
 .text.DMA11_DMA27_IRQHandler
                0x0000000060004804        0x8 ./startup/startup_mimxrt1062.o
                0x0000000060004804                DMA11_DMA27_IRQHandler
 .text.DMA12_DMA28_IRQHandler
                0x000000006000480c        0x8 ./startup/startup_mimxrt1062.o
                0x000000006000480c                DMA12_DMA28_IRQHandler
 .text.DMA13_DMA29_IRQHandler
                0x0000000060004814        0x8 ./startup/startup_mimxrt1062.o
                0x0000000060004814                DMA13_DMA29_IRQHandler
 .text.DMA14_DMA30_IRQHandler
                0x000000006000481c        0x8 ./startup/startup_mimxrt1062.o
                0x000000006000481c                DMA14_DMA30_IRQHandler
 .text.DMA15_DMA31_IRQHandler
                0x0000000060004824        0x8 ./startup/startup_mimxrt1062.o
                0x0000000060004824                DMA15_DMA31_IRQHandler
 .text.DMA_ERROR_IRQHandler
                0x000000006000482c        0x8 ./startup/startup_mimxrt1062.o
                0x000000006000482c                DMA_ERROR_IRQHandler
 .text.CTI0_ERROR_IRQHandler
                0x0000000060004834        0x8 ./startup/startup_mimxrt1062.o
                0x0000000060004834                CTI0_ERROR_IRQHandler
 .text.CTI1_ERROR_IRQHandler
                0x000000006000483c        0x8 ./startup/startup_mimxrt1062.o
                0x000000006000483c                CTI1_ERROR_IRQHandler
 .text.CORE_IRQHandler
                0x0000000060004844        0x8 ./startup/startup_mimxrt1062.o
                0x0000000060004844                CORE_IRQHandler
 .text.LPUART1_IRQHandler
                0x000000006000484c        0x8 ./startup/startup_mimxrt1062.o
                0x000000006000484c                LPUART1_IRQHandler
 .text.LPUART2_IRQHandler
                0x0000000060004854        0x8 ./startup/startup_mimxrt1062.o
                0x0000000060004854                LPUART2_IRQHandler
 .text.LPUART3_IRQHandler
                0x000000006000485c        0x8 ./startup/startup_mimxrt1062.o
                0x000000006000485c                LPUART3_IRQHandler
 .text.LPUART4_IRQHandler
                0x0000000060004864        0x8 ./startup/startup_mimxrt1062.o
                0x0000000060004864                LPUART4_IRQHandler
 .text.LPUART5_IRQHandler
                0x000000006000486c        0x8 ./startup/startup_mimxrt1062.o
                0x000000006000486c                LPUART5_IRQHandler
 .text.LPUART6_IRQHandler
                0x0000000060004874        0x8 ./startup/startup_mimxrt1062.o
                0x0000000060004874                LPUART6_IRQHandler
 .text.LPUART7_IRQHandler
                0x000000006000487c        0x8 ./startup/startup_mimxrt1062.o
                0x000000006000487c                LPUART7_IRQHandler
 .text.LPUART8_IRQHandler
                0x0000000060004884        0x8 ./startup/startup_mimxrt1062.o
                0x0000000060004884                LPUART8_IRQHandler
 .text.LPI2C1_IRQHandler
                0x000000006000488c        0x8 ./startup/startup_mimxrt1062.o
                0x000000006000488c                LPI2C1_IRQHandler
 .text.LPI2C2_IRQHandler
                0x0000000060004894        0x8 ./startup/startup_mimxrt1062.o
                0x0000000060004894                LPI2C2_IRQHandler
 .text.LPI2C3_IRQHandler
                0x000000006000489c        0x8 ./startup/startup_mimxrt1062.o
                0x000000006000489c                LPI2C3_IRQHandler
 .text.LPI2C4_IRQHandler
                0x00000000600048a4        0x8 ./startup/startup_mimxrt1062.o
                0x00000000600048a4                LPI2C4_IRQHandler
 .text.LPSPI1_IRQHandler
                0x00000000600048ac        0x8 ./startup/startup_mimxrt1062.o
                0x00000000600048ac                LPSPI1_IRQHandler
 .text.LPSPI2_IRQHandler
                0x00000000600048b4        0x8 ./startup/startup_mimxrt1062.o
                0x00000000600048b4                LPSPI2_IRQHandler
 .text.LPSPI3_IRQHandler
                0x00000000600048bc        0x8 ./startup/startup_mimxrt1062.o
                0x00000000600048bc                LPSPI3_IRQHandler
 .text.LPSPI4_IRQHandler
                0x00000000600048c4        0x8 ./startup/startup_mimxrt1062.o
                0x00000000600048c4                LPSPI4_IRQHandler
 .text.CAN1_IRQHandler
                0x00000000600048cc        0x8 ./startup/startup_mimxrt1062.o
                0x00000000600048cc                CAN1_IRQHandler
 .text.CAN2_IRQHandler
                0x00000000600048d4        0x8 ./startup/startup_mimxrt1062.o
                0x00000000600048d4                CAN2_IRQHandler
 .text.FLEXRAM_IRQHandler
                0x00000000600048dc        0x8 ./startup/startup_mimxrt1062.o
                0x00000000600048dc                FLEXRAM_IRQHandler
 .text.KPP_IRQHandler
                0x00000000600048e4        0x8 ./startup/startup_mimxrt1062.o
                0x00000000600048e4                KPP_IRQHandler
 .text.TSC_DIG_IRQHandler
                0x00000000600048ec        0x8 ./startup/startup_mimxrt1062.o
                0x00000000600048ec                TSC_DIG_IRQHandler
 .text.GPR_IRQ_IRQHandler
                0x00000000600048f4        0x8 ./startup/startup_mimxrt1062.o
                0x00000000600048f4                GPR_IRQ_IRQHandler
 .text.LCDIF_IRQHandler
                0x00000000600048fc        0x8 ./startup/startup_mimxrt1062.o
                0x00000000600048fc                LCDIF_IRQHandler
 .text.CSI_IRQHandler
                0x0000000060004904        0x8 ./startup/startup_mimxrt1062.o
                0x0000000060004904                CSI_IRQHandler
 .text.PXP_IRQHandler
                0x000000006000490c        0x8 ./startup/startup_mimxrt1062.o
                0x000000006000490c                PXP_IRQHandler
 .text.WDOG2_IRQHandler
                0x0000000060004914        0x8 ./startup/startup_mimxrt1062.o
                0x0000000060004914                WDOG2_IRQHandler
 .text.SNVS_HP_WRAPPER_IRQHandler
                0x000000006000491c        0x8 ./startup/startup_mimxrt1062.o
                0x000000006000491c                SNVS_HP_WRAPPER_IRQHandler
 .text.SNVS_HP_WRAPPER_TZ_IRQHandler
                0x0000000060004924        0x8 ./startup/startup_mimxrt1062.o
                0x0000000060004924                SNVS_HP_WRAPPER_TZ_IRQHandler
 .text.SNVS_LP_WRAPPER_IRQHandler
                0x000000006000492c        0x8 ./startup/startup_mimxrt1062.o
                0x000000006000492c                SNVS_LP_WRAPPER_IRQHandler
 .text.CSU_IRQHandler
                0x0000000060004934        0x8 ./startup/startup_mimxrt1062.o
                0x0000000060004934                CSU_IRQHandler
 .text.DCP_IRQHandler
                0x000000006000493c        0x8 ./startup/startup_mimxrt1062.o
                0x000000006000493c                DCP_IRQHandler
 .text.DCP_VMI_IRQHandler
                0x0000000060004944        0x8 ./startup/startup_mimxrt1062.o
                0x0000000060004944                DCP_VMI_IRQHandler
 .text.Reserved68_IRQHandler
                0x000000006000494c        0x8 ./startup/startup_mimxrt1062.o
                0x000000006000494c                Reserved68_IRQHandler
 .text.TRNG_IRQHandler
                0x0000000060004954        0x8 ./startup/startup_mimxrt1062.o
                0x0000000060004954                TRNG_IRQHandler
 .text.SJC_IRQHandler
                0x000000006000495c        0x8 ./startup/startup_mimxrt1062.o
                0x000000006000495c                SJC_IRQHandler
 .text.BEE_IRQHandler
                0x0000000060004964        0x8 ./startup/startup_mimxrt1062.o
                0x0000000060004964                BEE_IRQHandler
 .text.SAI1_IRQHandler
                0x000000006000496c        0x8 ./startup/startup_mimxrt1062.o
                0x000000006000496c                SAI1_IRQHandler
 .text.SAI2_IRQHandler
                0x0000000060004974        0x8 ./startup/startup_mimxrt1062.o
                0x0000000060004974                SAI2_IRQHandler
 .text.SAI3_RX_IRQHandler
                0x000000006000497c        0x8 ./startup/startup_mimxrt1062.o
                0x000000006000497c                SAI3_RX_IRQHandler
 .text.SAI3_TX_IRQHandler
                0x0000000060004984        0x8 ./startup/startup_mimxrt1062.o
                0x0000000060004984                SAI3_TX_IRQHandler
 .text.SPDIF_IRQHandler
                0x000000006000498c        0x8 ./startup/startup_mimxrt1062.o
                0x000000006000498c                SPDIF_IRQHandler
 .text.PMU_EVENT_IRQHandler
                0x0000000060004994        0x8 ./startup/startup_mimxrt1062.o
                0x0000000060004994                PMU_EVENT_IRQHandler
 .text.Reserved78_IRQHandler
                0x000000006000499c        0x8 ./startup/startup_mimxrt1062.o
                0x000000006000499c                Reserved78_IRQHandler
 .text.TEMP_LOW_HIGH_IRQHandler
                0x00000000600049a4        0x8 ./startup/startup_mimxrt1062.o
                0x00000000600049a4                TEMP_LOW_HIGH_IRQHandler
 .text.TEMP_PANIC_IRQHandler
                0x00000000600049ac        0x8 ./startup/startup_mimxrt1062.o
                0x00000000600049ac                TEMP_PANIC_IRQHandler
 .text.USB_PHY1_IRQHandler
                0x00000000600049b4        0x8 ./startup/startup_mimxrt1062.o
                0x00000000600049b4                USB_PHY1_IRQHandler
 .text.USB_PHY2_IRQHandler
                0x00000000600049bc        0x8 ./startup/startup_mimxrt1062.o
                0x00000000600049bc                USB_PHY2_IRQHandler
 .text.ADC1_IRQHandler
                0x00000000600049c4        0x8 ./startup/startup_mimxrt1062.o
                0x00000000600049c4                ADC1_IRQHandler
 .text.ADC2_IRQHandler
                0x00000000600049cc        0x8 ./startup/startup_mimxrt1062.o
                0x00000000600049cc                ADC2_IRQHandler
 .text.DCDC_IRQHandler
                0x00000000600049d4        0x8 ./startup/startup_mimxrt1062.o
                0x00000000600049d4                DCDC_IRQHandler
 .text.Reserved86_IRQHandler
                0x00000000600049dc        0x8 ./startup/startup_mimxrt1062.o
                0x00000000600049dc                Reserved86_IRQHandler
 .text.GPIO10_Combined_0_31_IRQHandler
                0x00000000600049e4        0x8 ./startup/startup_mimxrt1062.o
                0x00000000600049e4                GPIO10_Combined_0_31_IRQHandler
 .text.GPIO1_INT0_IRQHandler
                0x00000000600049ec        0x8 ./startup/startup_mimxrt1062.o
                0x00000000600049ec                GPIO1_INT0_IRQHandler
 .text.GPIO1_INT1_IRQHandler
                0x00000000600049f4        0x8 ./startup/startup_mimxrt1062.o
                0x00000000600049f4                GPIO1_INT1_IRQHandler
 .text.GPIO1_INT2_IRQHandler
                0x00000000600049fc        0x8 ./startup/startup_mimxrt1062.o
                0x00000000600049fc                GPIO1_INT2_IRQHandler
 .text.GPIO1_INT3_IRQHandler
                0x0000000060004a04        0x8 ./startup/startup_mimxrt1062.o
                0x0000000060004a04                GPIO1_INT3_IRQHandler
 .text.GPIO1_INT4_IRQHandler
                0x0000000060004a0c        0x8 ./startup/startup_mimxrt1062.o
                0x0000000060004a0c                GPIO1_INT4_IRQHandler
 .text.GPIO1_INT5_IRQHandler
                0x0000000060004a14        0x8 ./startup/startup_mimxrt1062.o
                0x0000000060004a14                GPIO1_INT5_IRQHandler
 .text.GPIO1_INT6_IRQHandler
                0x0000000060004a1c        0x8 ./startup/startup_mimxrt1062.o
                0x0000000060004a1c                GPIO1_INT6_IRQHandler
 .text.GPIO1_INT7_IRQHandler
                0x0000000060004a24        0x8 ./startup/startup_mimxrt1062.o
                0x0000000060004a24                GPIO1_INT7_IRQHandler
 .text.GPIO1_Combined_0_15_IRQHandler
                0x0000000060004a2c        0x8 ./startup/startup_mimxrt1062.o
                0x0000000060004a2c                GPIO1_Combined_0_15_IRQHandler
 .text.GPIO1_Combined_16_31_IRQHandler
                0x0000000060004a34        0x8 ./startup/startup_mimxrt1062.o
                0x0000000060004a34                GPIO1_Combined_16_31_IRQHandler
 .text.GPIO2_Combined_0_15_IRQHandler
                0x0000000060004a3c        0x8 ./startup/startup_mimxrt1062.o
                0x0000000060004a3c                GPIO2_Combined_0_15_IRQHandler
 .text.GPIO2_Combined_16_31_IRQHandler
                0x0000000060004a44        0x8 ./startup/startup_mimxrt1062.o
                0x0000000060004a44                GPIO2_Combined_16_31_IRQHandler
 .text.GPIO3_Combined_0_15_IRQHandler
                0x0000000060004a4c        0x8 ./startup/startup_mimxrt1062.o
                0x0000000060004a4c                GPIO3_Combined_0_15_IRQHandler
 .text.GPIO3_Combined_16_31_IRQHandler
                0x0000000060004a54        0x8 ./startup/startup_mimxrt1062.o
                0x0000000060004a54                GPIO3_Combined_16_31_IRQHandler
 .text.GPIO4_Combined_0_15_IRQHandler
                0x0000000060004a5c        0x8 ./startup/startup_mimxrt1062.o
                0x0000000060004a5c                GPIO4_Combined_0_15_IRQHandler
 .text.GPIO4_Combined_16_31_IRQHandler
                0x0000000060004a64        0x8 ./startup/startup_mimxrt1062.o
                0x0000000060004a64                GPIO4_Combined_16_31_IRQHandler
 .text.GPIO5_Combined_0_15_IRQHandler
                0x0000000060004a6c        0x8 ./startup/startup_mimxrt1062.o
                0x0000000060004a6c                GPIO5_Combined_0_15_IRQHandler
 .text.GPIO5_Combined_16_31_IRQHandler
                0x0000000060004a74        0x8 ./startup/startup_mimxrt1062.o
                0x0000000060004a74                GPIO5_Combined_16_31_IRQHandler
 .text.FLEXIO1_IRQHandler
                0x0000000060004a7c        0x8 ./startup/startup_mimxrt1062.o
                0x0000000060004a7c                FLEXIO1_IRQHandler
 .text.FLEXIO2_IRQHandler
                0x0000000060004a84        0x8 ./startup/startup_mimxrt1062.o
                0x0000000060004a84                FLEXIO2_IRQHandler
 .text.WDOG1_IRQHandler
                0x0000000060004a8c        0x8 ./startup/startup_mimxrt1062.o
                0x0000000060004a8c                WDOG1_IRQHandler
 .text.RTWDOG_IRQHandler
                0x0000000060004a94        0x8 ./startup/startup_mimxrt1062.o
                0x0000000060004a94                RTWDOG_IRQHandler
 .text.EWM_IRQHandler
                0x0000000060004a9c        0x8 ./startup/startup_mimxrt1062.o
                0x0000000060004a9c                EWM_IRQHandler
 .text.CCM_1_IRQHandler
                0x0000000060004aa4        0x8 ./startup/startup_mimxrt1062.o
                0x0000000060004aa4                CCM_1_IRQHandler
 .text.CCM_2_IRQHandler
                0x0000000060004aac        0x8 ./startup/startup_mimxrt1062.o
                0x0000000060004aac                CCM_2_IRQHandler
 .text.GPC_IRQHandler
                0x0000000060004ab4        0x8 ./startup/startup_mimxrt1062.o
                0x0000000060004ab4                GPC_IRQHandler
 .text.SRC_IRQHandler
                0x0000000060004abc        0x8 ./startup/startup_mimxrt1062.o
                0x0000000060004abc                SRC_IRQHandler
 .text.Reserved115_IRQHandler
                0x0000000060004ac4        0x8 ./startup/startup_mimxrt1062.o
                0x0000000060004ac4                Reserved115_IRQHandler
 .text.GPT1_IRQHandler
                0x0000000060004acc        0x8 ./startup/startup_mimxrt1062.o
                0x0000000060004acc                GPT1_IRQHandler
 .text.GPT2_IRQHandler
                0x0000000060004ad4        0x8 ./startup/startup_mimxrt1062.o
                0x0000000060004ad4                GPT2_IRQHandler
 .text.PWM1_0_IRQHandler
                0x0000000060004adc        0x8 ./startup/startup_mimxrt1062.o
                0x0000000060004adc                PWM1_0_IRQHandler
 .text.PWM1_1_IRQHandler
                0x0000000060004ae4        0x8 ./startup/startup_mimxrt1062.o
                0x0000000060004ae4                PWM1_1_IRQHandler
 .text.PWM1_2_IRQHandler
                0x0000000060004aec        0x8 ./startup/startup_mimxrt1062.o
                0x0000000060004aec                PWM1_2_IRQHandler
 .text.PWM1_3_IRQHandler
                0x0000000060004af4        0x8 ./startup/startup_mimxrt1062.o
                0x0000000060004af4                PWM1_3_IRQHandler
 .text.PWM1_FAULT_IRQHandler
                0x0000000060004afc        0x8 ./startup/startup_mimxrt1062.o
                0x0000000060004afc                PWM1_FAULT_IRQHandler
 .text.FLEXSPI2_IRQHandler
                0x0000000060004b04        0x8 ./startup/startup_mimxrt1062.o
                0x0000000060004b04                FLEXSPI2_IRQHandler
 .text.FLEXSPI_IRQHandler
                0x0000000060004b0c        0x8 ./startup/startup_mimxrt1062.o
                0x0000000060004b0c                FLEXSPI_IRQHandler
 .text.SEMC_IRQHandler
                0x0000000060004b14        0x8 ./startup/startup_mimxrt1062.o
                0x0000000060004b14                SEMC_IRQHandler
 .text.USDHC1_IRQHandler
                0x0000000060004b1c        0x8 ./startup/startup_mimxrt1062.o
                0x0000000060004b1c                USDHC1_IRQHandler
 .text.USDHC2_IRQHandler
                0x0000000060004b24        0x8 ./startup/startup_mimxrt1062.o
                0x0000000060004b24                USDHC2_IRQHandler
 .text.USB_OTG2_IRQHandler
                0x0000000060004b2c        0x8 ./startup/startup_mimxrt1062.o
                0x0000000060004b2c                USB_OTG2_IRQHandler
 .text.USB_OTG1_IRQHandler
                0x0000000060004b34        0x8 ./startup/startup_mimxrt1062.o
                0x0000000060004b34                USB_OTG1_IRQHandler
 .text.ENET_IRQHandler
                0x0000000060004b3c        0x8 ./startup/startup_mimxrt1062.o
                0x0000000060004b3c                ENET_IRQHandler
 .text.ENET_1588_Timer_IRQHandler
                0x0000000060004b44        0x8 ./startup/startup_mimxrt1062.o
                0x0000000060004b44                ENET_1588_Timer_IRQHandler
 .text.XBAR1_IRQ_0_1_IRQHandler
                0x0000000060004b4c        0x8 ./startup/startup_mimxrt1062.o
                0x0000000060004b4c                XBAR1_IRQ_0_1_IRQHandler
 .text.XBAR1_IRQ_2_3_IRQHandler
                0x0000000060004b54        0x8 ./startup/startup_mimxrt1062.o
                0x0000000060004b54                XBAR1_IRQ_2_3_IRQHandler
 .text.ADC_ETC_IRQ0_IRQHandler
                0x0000000060004b5c        0x8 ./startup/startup_mimxrt1062.o
                0x0000000060004b5c                ADC_ETC_IRQ0_IRQHandler
 .text.ADC_ETC_IRQ1_IRQHandler
                0x0000000060004b64        0x8 ./startup/startup_mimxrt1062.o
                0x0000000060004b64                ADC_ETC_IRQ1_IRQHandler
 .text.ADC_ETC_IRQ2_IRQHandler
                0x0000000060004b6c        0x8 ./startup/startup_mimxrt1062.o
                0x0000000060004b6c                ADC_ETC_IRQ2_IRQHandler
 .text.ADC_ETC_ERROR_IRQ_IRQHandler
                0x0000000060004b74        0x8 ./startup/startup_mimxrt1062.o
                0x0000000060004b74                ADC_ETC_ERROR_IRQ_IRQHandler
 .text.PIT_IRQHandler
                0x0000000060004b7c        0x8 ./startup/startup_mimxrt1062.o
                0x0000000060004b7c                PIT_IRQHandler
 .text.ACMP1_IRQHandler
                0x0000000060004b84        0x8 ./startup/startup_mimxrt1062.o
                0x0000000060004b84                ACMP1_IRQHandler
 .text.ACMP2_IRQHandler
                0x0000000060004b8c        0x8 ./startup/startup_mimxrt1062.o
                0x0000000060004b8c                ACMP2_IRQHandler
 .text.ACMP3_IRQHandler
                0x0000000060004b94        0x8 ./startup/startup_mimxrt1062.o
                0x0000000060004b94                ACMP3_IRQHandler
 .text.ACMP4_IRQHandler
                0x0000000060004b9c        0x8 ./startup/startup_mimxrt1062.o
                0x0000000060004b9c                ACMP4_IRQHandler
 .text.Reserved143_IRQHandler
                0x0000000060004ba4        0x8 ./startup/startup_mimxrt1062.o
                0x0000000060004ba4                Reserved143_IRQHandler
 .text.Reserved144_IRQHandler
                0x0000000060004bac        0x8 ./startup/startup_mimxrt1062.o
                0x0000000060004bac                Reserved144_IRQHandler
 .text.ENC1_IRQHandler
                0x0000000060004bb4        0x8 ./startup/startup_mimxrt1062.o
                0x0000000060004bb4                ENC1_IRQHandler
 .text.ENC2_IRQHandler
                0x0000000060004bbc        0x8 ./startup/startup_mimxrt1062.o
                0x0000000060004bbc                ENC2_IRQHandler
 .text.ENC3_IRQHandler
                0x0000000060004bc4        0x8 ./startup/startup_mimxrt1062.o
                0x0000000060004bc4                ENC3_IRQHandler
 .text.ENC4_IRQHandler
                0x0000000060004bcc        0x8 ./startup/startup_mimxrt1062.o
                0x0000000060004bcc                ENC4_IRQHandler
 .text.TMR1_IRQHandler
                0x0000000060004bd4        0x8 ./startup/startup_mimxrt1062.o
                0x0000000060004bd4                TMR1_IRQHandler
 .text.TMR2_IRQHandler
                0x0000000060004bdc        0x8 ./startup/startup_mimxrt1062.o
                0x0000000060004bdc                TMR2_IRQHandler
 .text.TMR3_IRQHandler
                0x0000000060004be4        0x8 ./startup/startup_mimxrt1062.o
                0x0000000060004be4                TMR3_IRQHandler
 .text.TMR4_IRQHandler
                0x0000000060004bec        0x8 ./startup/startup_mimxrt1062.o
                0x0000000060004bec                TMR4_IRQHandler
 .text.PWM2_0_IRQHandler
                0x0000000060004bf4        0x8 ./startup/startup_mimxrt1062.o
                0x0000000060004bf4                PWM2_0_IRQHandler
 .text.PWM2_1_IRQHandler
                0x0000000060004bfc        0x8 ./startup/startup_mimxrt1062.o
                0x0000000060004bfc                PWM2_1_IRQHandler
 .text.PWM2_2_IRQHandler
                0x0000000060004c04        0x8 ./startup/startup_mimxrt1062.o
                0x0000000060004c04                PWM2_2_IRQHandler
 .text.PWM2_3_IRQHandler
                0x0000000060004c0c        0x8 ./startup/startup_mimxrt1062.o
                0x0000000060004c0c                PWM2_3_IRQHandler
 .text.PWM2_FAULT_IRQHandler
                0x0000000060004c14        0x8 ./startup/startup_mimxrt1062.o
                0x0000000060004c14                PWM2_FAULT_IRQHandler
 .text.PWM3_0_IRQHandler
                0x0000000060004c1c        0x8 ./startup/startup_mimxrt1062.o
                0x0000000060004c1c                PWM3_0_IRQHandler
 .text.PWM3_1_IRQHandler
                0x0000000060004c24        0x8 ./startup/startup_mimxrt1062.o
                0x0000000060004c24                PWM3_1_IRQHandler
 .text.PWM3_2_IRQHandler
                0x0000000060004c2c        0x8 ./startup/startup_mimxrt1062.o
                0x0000000060004c2c                PWM3_2_IRQHandler
 .text.PWM3_3_IRQHandler
                0x0000000060004c34        0x8 ./startup/startup_mimxrt1062.o
                0x0000000060004c34                PWM3_3_IRQHandler
 .text.PWM3_FAULT_IRQHandler
                0x0000000060004c3c        0x8 ./startup/startup_mimxrt1062.o
                0x0000000060004c3c                PWM3_FAULT_IRQHandler
 .text.PWM4_0_IRQHandler
                0x0000000060004c44        0x8 ./startup/startup_mimxrt1062.o
                0x0000000060004c44                PWM4_0_IRQHandler
 .text.PWM4_1_IRQHandler
                0x0000000060004c4c        0x8 ./startup/startup_mimxrt1062.o
                0x0000000060004c4c                PWM4_1_IRQHandler
 .text.PWM4_2_IRQHandler
                0x0000000060004c54        0x8 ./startup/startup_mimxrt1062.o
                0x0000000060004c54                PWM4_2_IRQHandler
 .text.PWM4_3_IRQHandler
                0x0000000060004c5c        0x8 ./startup/startup_mimxrt1062.o
                0x0000000060004c5c                PWM4_3_IRQHandler
 .text.PWM4_FAULT_IRQHandler
                0x0000000060004c64        0x8 ./startup/startup_mimxrt1062.o
                0x0000000060004c64                PWM4_FAULT_IRQHandler
 .text.ENET2_IRQHandler
                0x0000000060004c6c        0x8 ./startup/startup_mimxrt1062.o
                0x0000000060004c6c                ENET2_IRQHandler
 .text.ENET2_1588_Timer_IRQHandler
                0x0000000060004c74        0x8 ./startup/startup_mimxrt1062.o
                0x0000000060004c74                ENET2_1588_Timer_IRQHandler
 .text.CAN3_IRQHandler
                0x0000000060004c7c        0x8 ./startup/startup_mimxrt1062.o
                0x0000000060004c7c                CAN3_IRQHandler
 .text.Reserved171_IRQHandler
                0x0000000060004c84        0x8 ./startup/startup_mimxrt1062.o
                0x0000000060004c84                Reserved171_IRQHandler
 .text.FLEXIO3_IRQHandler
                0x0000000060004c8c        0x8 ./startup/startup_mimxrt1062.o
                0x0000000060004c8c                FLEXIO3_IRQHandler
 .text.GPIO6_7_8_9_IRQHandler
                0x0000000060004c94        0x8 ./startup/startup_mimxrt1062.o
                0x0000000060004c94                GPIO6_7_8_9_IRQHandler
 .text.HardFault_Handler
                0x0000000060004c9c       0x2c ./source/semihost_hardfault.o
                0x0000000060004c9c                HardFault_Handler
 .text._SDK_AtomicLocalClearAndSet4Byte
                0x0000000060004cc8       0x50 ./drivers/fsl_gpio.o
 .text.CLOCK_EnableClock
                0x0000000060004d18       0x1e ./drivers/fsl_gpio.o
 .text.GPIO_SetPinInterruptConfig
                0x0000000060004d36       0x22 ./drivers/fsl_gpio.o
 .text.SystemInitHook
                0x0000000060004d58        0xe ./device/system_MIMXRT1062.o
                0x0000000060004d58                SystemInitHook
 .text.SerialManager_StartWriting
                0x0000000060004d66       0x38 ./component/serial_manager/fsl_component_serial_manager.o
 .text.SerialManager_Write
                0x0000000060004d9e       0x44 ./component/serial_manager/fsl_component_serial_manager.o
 .text.SerialManager_WriteBlocking
                0x0000000060004de2       0x20 ./component/serial_manager/fsl_component_serial_manager.o
                0x0000000060004de2                SerialManager_WriteBlocking
 .text.Serial_UartWrite
                0x0000000060004e02       0x38 ./component/serial_manager/fsl_component_serial_port_uart.o
                0x0000000060004e02                Serial_UartWrite
 .text._SDK_AtomicLocalClearAndSet4Byte
                0x0000000060004e3a       0x50 ./board/clock_config.o
 .text.CLOCK_DisableClock
                0x0000000060004e8a       0x1e ./board/clock_config.o
 .text.CLOCK_SetPllBypass
                0x0000000060004ea8       0x4e ./board/clock_config.o
 .text.IOMUXC_SetSaiMClkClockSource
                0x0000000060004ef6       0x6c ./board/clock_config.o
 .text.BOARD_InitBootClocks
                0x0000000060004f62        0xc ./board/clock_config.o
                0x0000000060004f62                BOARD_InitBootClocks
 .text._SDK_AtomicLocalClearAndSet4Byte
                0x0000000060004f6e       0x50 ./board/pin_mux.o
 .text.CLOCK_EnableClock
                0x0000000060004fbe       0x1e ./board/pin_mux.o
 .text.IOMUXC_SetPinMux
                0x0000000060004fdc       0x3a ./board/pin_mux.o
 .text.IOMUXC_SetPinConfig
                0x0000000060005016       0x26 ./board/pin_mux.o
 .text.BOARD_InitBootPins
                0x000000006000503c        0xc ./board/pin_mux.o
                0x000000006000503c                BOARD_InitBootPins
 .text.__main   0x0000000060005048        0xe /Applications/MCUXpressoIDE_11.6.1_8255/ide/plugins/com.nxp.mcuxpresso.tools.macosx_11.6.1.202207200623/tools/bin/../lib/gcc/arm-none-eabi/10.3.1/../../../../arm-none-eabi/lib/thumb/v7e-m+dp/hard/libcr_nohost_nf.a(_cr__main.o)
                0x0000000060005048                __main
 .text.memcpy   0x0000000060005056        0x4 /Applications/MCUXpressoIDE_11.6.1_8255/ide/plugins/com.nxp.mcuxpresso.tools.macosx_11.6.1.202207200623/tools/bin/../lib/gcc/arm-none-eabi/10.3.1/../../../../arm-none-eabi/lib/thumb/v7e-m+dp/hard/libcr_c.a(memcpy.o)
                0x0000000060005056                memcpy
 .text.memset   0x000000006000505a        0x4 /Applications/MCUXpressoIDE_11.6.1_8255/ide/plugins/com.nxp.mcuxpresso.tools.macosx_11.6.1.202207200623/tools/bin/../lib/gcc/arm-none-eabi/10.3.1/../../../../arm-none-eabi/lib/thumb/v7e-m+dp/hard/libcr_c.a(memset.o)
                0x000000006000505a                memset
 .text.free     0x000000006000505e       0x30 /Applications/MCUXpressoIDE_11.6.1_8255/ide/plugins/com.nxp.mcuxpresso.tools.macosx_11.6.1.202207200623/tools/bin/../lib/gcc/arm-none-eabi/10.3.1/../../../../arm-none-eabi/lib/thumb/v7e-m+dp/hard/libcr_c.a(alloc.o)
                0x000000006000505e                free
 .text.setvbuf  0x000000006000508e       0x3e /Applications/MCUXpressoIDE_11.6.1_8255/ide/plugins/com.nxp.mcuxpresso.tools.macosx_11.6.1.202207200623/tools/bin/../lib/gcc/arm-none-eabi/10.3.1/../../../../arm-none-eabi/lib/thumb/v7e-m+dp/hard/libcr_c.a(setvbuf.o)
                0x000000006000508e                setvbuf
 .text.strlen   0x00000000600050cc       0x48 /Applications/MCUXpressoIDE_11.6.1_8255/ide/plugins/com.nxp.mcuxpresso.tools.macosx_11.6.1.202207200623/tools/bin/../lib/gcc/arm-none-eabi/10.3.1/../../../../arm-none-eabi/lib/thumb/v7e-m+dp/hard/libcr_c.a(strlen.o)
                0x00000000600050cc                strlen
 .text._deferredlazyseek
                0x0000000060005114       0x40 /Applications/MCUXpressoIDE_11.6.1_8255/ide/plugins/com.nxp.mcuxpresso.tools.macosx_11.6.1.202207200623/tools/bin/../lib/gcc/arm-none-eabi/10.3.1/../../../../arm-none-eabi/lib/thumb/v7e-m+dp/hard/libcr_c.a(_deferredlazyseek.o)
                0x0000000060005114                _deferredlazyseek
 .text._fdopen  0x0000000060005154       0x68 /Applications/MCUXpressoIDE_11.6.1_8255/ide/plugins/com.nxp.mcuxpresso.tools.macosx_11.6.1.202207200623/tools/bin/../lib/gcc/arm-none-eabi/10.3.1/../../../../arm-none-eabi/lib/thumb/v7e-m+dp/hard/libcr_c.a(_fdopen.o)
                0x0000000060005154                _fdopen
 .text._fflush  0x00000000600051bc       0x52 /Applications/MCUXpressoIDE_11.6.1_8255/ide/plugins/com.nxp.mcuxpresso.tools.macosx_11.6.1.202207200623/tools/bin/../lib/gcc/arm-none-eabi/10.3.1/../../../../arm-none-eabi/lib/thumb/v7e-m+dp/hard/libcr_c.a(_fflush.o)
                0x00000000600051bc                _fflush
 .text.fclose   0x000000006000520e       0x58 /Applications/MCUXpressoIDE_11.6.1_8255/ide/plugins/com.nxp.mcuxpresso.tools.macosx_11.6.1.202207200623/tools/bin/../lib/gcc/arm-none-eabi/10.3.1/../../../../arm-none-eabi/lib/thumb/v7e-m+dp/hard/libcr_c.a(fclose.o)
                0x000000006000520e                fclose
 .text.remove   0x0000000060005266       0x14 /Applications/MCUXpressoIDE_11.6.1_8255/ide/plugins/com.nxp.mcuxpresso.tools.macosx_11.6.1.202207200623/tools/bin/../lib/gcc/arm-none-eabi/10.3.1/../../../../arm-none-eabi/lib/thumb/v7e-m+dp/hard/libcr_c.a(remove.o)
                0x0000000060005266                remove
 .text._do_fflush
                0x000000006000527a       0x40 /Applications/MCUXpressoIDE_11.6.1_8255/ide/plugins/com.nxp.mcuxpresso.tools.macosx_11.6.1.202207200623/tools/bin/../lib/gcc/arm-none-eabi/10.3.1/../../../../arm-none-eabi/lib/thumb/v7e-m+dp/hard/libcr_c.a(_do_fflush.o)
                0x000000006000527a                _do_fflush
 .text.__aeabi_division_uldivmod
                0x00000000600052ba      0x174 /Applications/MCUXpressoIDE_11.6.1_8255/ide/plugins/com.nxp.mcuxpresso.tools.macosx_11.6.1.202207200623/tools/bin/../lib/gcc/arm-none-eabi/10.3.1/thumb/v7e-m+dp/hard/libcr_eabihelpers.a(division_64.o)
                0x00000000600052ba                __aeabi_uldivmod
                0x00000000600052be                __bhs_ldivmod1
 .text.__aeabi_division_idiv0
                0x000000006000542e        0x2 /Applications/MCUXpressoIDE_11.6.1_8255/ide/plugins/com.nxp.mcuxpresso.tools.macosx_11.6.1.202207200623/tools/bin/../lib/gcc/arm-none-eabi/10.3.1/thumb/v7e-m+dp/hard/libcr_eabihelpers.a(division_idiv0.o)
                0x000000006000542e                __aeabi_idiv0
 .text.__aeabi_memcpy
                0x0000000060005430       0x34 /Applications/MCUXpressoIDE_11.6.1_8255/ide/plugins/com.nxp.mcuxpresso.tools.macosx_11.6.1.202207200623/tools/bin/../lib/gcc/arm-none-eabi/10.3.1/thumb/v7e-m+dp/hard/libcr_eabihelpers.a(memcpy.o)
                0x0000000060005430                __aeabi_memcpy
                0x000000006000543a                __aeabi_memcpy4
                0x000000006000543a                __aeabi_memcpy8
 .text.__aeabi_memset_lowlevel
                0x0000000060005464       0x32 /Applications/MCUXpressoIDE_11.6.1_8255/ide/plugins/com.nxp.mcuxpresso.tools.macosx_11.6.1.202207200623/tools/bin/../lib/gcc/arm-none-eabi/10.3.1/thumb/v7e-m+dp/hard/libcr_eabihelpers.a(memcpy.o)
                0x0000000060005464                __aeabi_lowlevel_memset
 .text.__sys_close
                0x0000000060005496        0x6 /Applications/MCUXpressoIDE_11.6.1_8255/ide/plugins/com.nxp.mcuxpresso.tools.macosx_11.6.1.202207200623/tools/bin/../lib/gcc/arm-none-eabi/10.3.1/../../../../arm-none-eabi/lib/thumb/v7e-m+dp/hard/libcr_nohost_nf.a(__sys_close.o)
                0x0000000060005496                __sys_close
 .text.__sys_flen
                0x000000006000549c        0x6 /Applications/MCUXpressoIDE_11.6.1_8255/ide/plugins/com.nxp.mcuxpresso.tools.macosx_11.6.1.202207200623/tools/bin/../lib/gcc/arm-none-eabi/10.3.1/../../../../arm-none-eabi/lib/thumb/v7e-m+dp/hard/libcr_nohost_nf.a(__sys_flen.o)
                0x000000006000549c                __sys_flen
 .text.__sys_istty
                0x00000000600054a2        0x6 /Applications/MCUXpressoIDE_11.6.1_8255/ide/plugins/com.nxp.mcuxpresso.tools.macosx_11.6.1.202207200623/tools/bin/../lib/gcc/arm-none-eabi/10.3.1/../../../../arm-none-eabi/lib/thumb/v7e-m+dp/hard/libcr_nohost_nf.a(__sys_istty.o)
                0x00000000600054a2                __sys_istty
 .text.__sys_remove
                0x00000000600054a8        0x6 /Applications/MCUXpressoIDE_11.6.1_8255/ide/plugins/com.nxp.mcuxpresso.tools.macosx_11.6.1.202207200623/tools/bin/../lib/gcc/arm-none-eabi/10.3.1/../../../../arm-none-eabi/lib/thumb/v7e-m+dp/hard/libcr_nohost_nf.a(__sys_remove.o)
                0x00000000600054a8                __sys_remove
 .text.__sys_seek
                0x00000000600054ae        0x6 /Applications/MCUXpressoIDE_11.6.1_8255/ide/plugins/com.nxp.mcuxpresso.tools.macosx_11.6.1.202207200623/tools/bin/../lib/gcc/arm-none-eabi/10.3.1/../../../../arm-none-eabi/lib/thumb/v7e-m+dp/hard/libcr_nohost_nf.a(__sys_seek.o)
                0x00000000600054ae                __sys_seek
 .text.__sys_tmpnam
                0x00000000600054b4        0x6 /Applications/MCUXpressoIDE_11.6.1_8255/ide/plugins/com.nxp.mcuxpresso.tools.macosx_11.6.1.202207200623/tools/bin/../lib/gcc/arm-none-eabi/10.3.1/../../../../arm-none-eabi/lib/thumb/v7e-m+dp/hard/libcr_nohost_nf.a(__sys_tmpnam.o)
                0x00000000600054b4                __sys_tmpnam
 .text.__sys_write
                0x00000000600054ba        0x4 /Applications/MCUXpressoIDE_11.6.1_8255/ide/plugins/com.nxp.mcuxpresso.tools.macosx_11.6.1.202207200623/tools/bin/../lib/gcc/arm-none-eabi/10.3.1/../../../../arm-none-eabi/lib/thumb/v7e-m+dp/hard/libcr_nohost_nf.a(__sys_write.o)
                0x00000000600054ba                __sys_write
 *(SORT_BY_ALIGNMENT(.rodata) SORT_BY_ALIGNMENT(.rodata.*) SORT_BY_ALIGNMENT(.constdata) SORT_BY_ALIGNMENT(.constdata.*))
 *fill*         0x00000000600054be        0x2 ff
 .rodata.__assertion_failed.str1.4
                0x00000000600054c0       0x14 ./utilities/fsl_assert.o
 .rodata.CLOCK_InitExternalClk.str1.4
                0x00000000600054d4       0x21 ./drivers/fsl_clock.o
 .rodata.CLOCK_ControlGate.str1.4
                0x00000000600054f5       0x21 ./drivers/fsl_gpio.o
                                         0x20 (size before relaxing)
 *fill*         0x00000000600054f5        0x3 ff
 .rodata.s_gpioBases
                0x00000000600054f8       0x2c ./drivers/fsl_gpio.o
 .rodata.s_gpioClock
                0x0000000060005524        0xc ./drivers/fsl_gpio.o
 .rodata.GPIO_GetInstance.str1.4
                0x0000000060005530       0x33 ./drivers/fsl_gpio.o
 *fill*         0x0000000060005563        0x1 ff
 .rodata.GPIO_PinWrite.str1.4
                0x0000000060005564       0x1b ./drivers/fsl_gpio.o
 *fill*         0x000000006000557f        0x1 ff
 .rodata.LPUART_WriteBlocking.str1.4
                0x0000000060005580       0x20 ./drivers/fsl_lpuart.o
 .rodata.s_LpuartAdapterBase
                0x00000000600055a0       0x24 ./component/uart/fsl_adapter_lpuart.o
 .rodata.HAL_UartSendBlocking.str1.4
                0x00000000600055c4       0x7b ./component/uart/fsl_adapter_lpuart.o
 *fill*         0x000000006000563f        0x1 ff
 .rodata.BOARD_ConfigMPU.str1.4
                0x0000000060005640       0x69 ./board/board.o
 *fill*         0x00000000600056a9        0x3 ff
 .rodata.CLOCK_SetMux.str1.4
                0x00000000600056ac       0x95 ./board/clock_config.o
 *fill*         0x0000000060005741        0x3 ff
 .rodata.CLOCK_SetDiv.str1.4
                0x0000000060005744       0x95 ./board/clock_config.o
 *fill*         0x00000000600057d9        0x3 ff
 .rodata.CLOCK_ControlGate.str1.4
                0x00000000600057dc       0x84 ./board/clock_config.o
 .rodata.armPllConfig_BOARD_BootClockRUN
                0x0000000060005860        0x8 ./board/clock_config.o
                0x0000000060005860                armPllConfig_BOARD_BootClockRUN
 .rodata.sysPllConfig_BOARD_BootClockRUN
                0x0000000060005868       0x14 ./board/clock_config.o
                0x0000000060005868                sysPllConfig_BOARD_BootClockRUN
 .rodata.CLOCK_ControlGate.str1.4
                0x000000006000587c       0x84 ./board/pin_mux.o
 .rodata        0x000000006000587c        0x3 ./board/pin_mux.o
 *fill*         0x000000006000587f        0x1 ff
 .rodata.__num_Ciob_streams
                0x0000000060005880        0x4 /Applications/MCUXpressoIDE_11.6.1_8255/ide/plugins/com.nxp.mcuxpresso.tools.macosx_11.6.1.202207200623/tools/bin/../lib/gcc/arm-none-eabi/10.3.1/../../../../arm-none-eabi/lib/thumb/v7e-m+dp/hard/libcr_nohost_nf.a(__ciob.o)
                0x0000000060005880                __num_Ciob_streams
 .rodata._initio.str1.1
                0x0000000060005884        0x4 /Applications/MCUXpressoIDE_11.6.1_8255/ide/plugins/com.nxp.mcuxpresso.tools.macosx_11.6.1.202207200623/tools/bin/../lib/gcc/arm-none-eabi/10.3.1/../../../../arm-none-eabi/lib/thumb/v7e-m+dp/hard/libcr_c.a(initio.o)
                0x0000000060005888                . = ALIGN (0x4)
                0x0000000060005888                _etext = .

.glue_7         0x0000000060005888        0x0
 .glue_7        0x0000000060005888        0x0 linker stubs

.glue_7t        0x0000000060005888        0x0
 .glue_7t       0x0000000060005888        0x0 linker stubs

.vfp11_veneer   0x0000000060005888        0x0
 .vfp11_veneer  0x0000000060005888        0x0 linker stubs

.v4_bx          0x0000000060005888        0x0
 .v4_bx         0x0000000060005888        0x0 linker stubs

.iplt           0x0000000060005888        0x0
 .iplt          0x0000000060005888        0x0 ./xip/fsl_flexspi_nor_boot.o

.rel.dyn        0x0000000060005888        0x0
 .rel.iplt      0x0000000060005888        0x0 ./xip/fsl_flexspi_nor_boot.o

.data_RAM2      0x0000000000000000        0x0 load address 0x0000000060005888
 FILL mask 0xff
                [!provide]                        PROVIDE (__start_data_RAM2 = .)
                [!provide]                        PROVIDE (__start_data_SRAM_ITC = .)
 *(SORT_BY_ALIGNMENT(.ramfunc.$RAM2))
 *(SORT_BY_ALIGNMENT(.ramfunc.$SRAM_ITC))
 *(SORT_BY_ALIGNMENT(.data.$RAM2))
 *(SORT_BY_ALIGNMENT(.data.$SRAM_ITC))
 *(SORT_BY_ALIGNMENT(.data.$RAM2.*))
 *(SORT_BY_ALIGNMENT(.data.$SRAM_ITC.*))
                0x0000000000000000                . = ALIGN (0x4)
                [!provide]                        PROVIDE (__end_data_RAM2 = .)
                [!provide]                        PROVIDE (__end_data_SRAM_ITC = .)

.data_RAM3      0x0000000020200000        0x0 load address 0x0000000060005888
 FILL mask 0xff
                [!provide]                        PROVIDE (__start_data_RAM3 = .)
                [!provide]                        PROVIDE (__start_data_SRAM_OC = .)
 *(SORT_BY_ALIGNMENT(.ramfunc.$RAM3))
 *(SORT_BY_ALIGNMENT(.ramfunc.$SRAM_OC))
 *(SORT_BY_ALIGNMENT(.data.$RAM3))
 *(SORT_BY_ALIGNMENT(.data.$SRAM_OC))
 *(SORT_BY_ALIGNMENT(.data.$RAM3.*))
 *(SORT_BY_ALIGNMENT(.data.$SRAM_OC.*))
                0x0000000020200000                . = ALIGN (0x4)
                [!provide]                        PROVIDE (__end_data_RAM3 = .)
                [!provide]                        PROVIDE (__end_data_SRAM_OC = .)

.data_RAM4      0x0000000080000000        0x0 load address 0x0000000060005888
 FILL mask 0xff
                [!provide]                        PROVIDE (__start_data_RAM4 = .)
                [!provide]                        PROVIDE (__start_data_BOARD_SDRAM = .)
 *(SORT_BY_ALIGNMENT(.ramfunc.$RAM4))
 *(SORT_BY_ALIGNMENT(.ramfunc.$BOARD_SDRAM))
 *(SORT_BY_ALIGNMENT(.data.$RAM4))
 *(SORT_BY_ALIGNMENT(.data.$BOARD_SDRAM))
 *(SORT_BY_ALIGNMENT(.data.$RAM4.*))
 *(SORT_BY_ALIGNMENT(.data.$BOARD_SDRAM.*))
                0x0000000080000000                . = ALIGN (0x4)
                [!provide]                        PROVIDE (__end_data_RAM4 = .)
                [!provide]                        PROVIDE (__end_data_BOARD_SDRAM = .)

.data_RAM5      0x0000000081e00000        0x0 load address 0x0000000060005888
 FILL mask 0xff
                [!provide]                        PROVIDE (__start_data_RAM5 = .)
                [!provide]                        PROVIDE (__start_data_NCACHE_REGION = .)
 *(SORT_BY_ALIGNMENT(.ramfunc.$RAM5))
 *(SORT_BY_ALIGNMENT(.ramfunc.$NCACHE_REGION))
 *(SORT_BY_ALIGNMENT(.data.$RAM5))
 *(SORT_BY_ALIGNMENT(.data.$NCACHE_REGION))
 *(SORT_BY_ALIGNMENT(.data.$RAM5.*))
 *(SORT_BY_ALIGNMENT(.data.$NCACHE_REGION.*))
                0x0000000081e00000                . = ALIGN (0x4)
                [!provide]                        PROVIDE (__end_data_RAM5 = .)
                [!provide]                        PROVIDE (__end_data_NCACHE_REGION = .)

.uninit_RESERVED
                0x0000000020000000        0x0
                0x0000000020000000                _start_uninit_RESERVED = .
 *(SORT_BY_ALIGNMENT(.bss.$RESERVED*))
                0x0000000020000000                . = ALIGN (0x4)
                0x0000000020000000                _end_uninit_RESERVED = .

.data           0x0000000020000000        0x4 load address 0x0000000060005888
 FILL mask 0xff
                0x0000000020000000                _data = .
                [!provide]                        PROVIDE (__start_data_RAM = .)
                [!provide]                        PROVIDE (__start_data_SRAM_DTC = .)
 *(SORT_BY_ALIGNMENT(vtable))
 *(SORT_BY_ALIGNMENT(.ramfunc*))
 *(SORT_BY_ALIGNMENT(CodeQuickAccess))
 *(SORT_BY_ALIGNMENT(DataQuickAccess))
 *(SORT_BY_ALIGNMENT(RamFunction))
 *(SORT_BY_ALIGNMENT(NonCacheable.init))
 *(SORT_BY_ALIGNMENT(.data*))
 .data.SystemCoreClock
                0x0000000020000000        0x4 ./device/system_MIMXRT1062.o
                0x0000000020000000                SystemCoreClock
                0x0000000020000004                . = ALIGN (0x4)
                0x0000000020000004                _edata = .
                [!provide]                        PROVIDE (__end_data_RAM = .)
                [!provide]                        PROVIDE (__end_data_SRAM_DTC = .)

.igot.plt       0x0000000020000004        0x0 load address 0x000000006000588c
 .igot.plt      0x0000000020000004        0x0 ./xip/fsl_flexspi_nor_boot.o

.bss_RAM2       0x0000000000000000        0x0
                [!provide]                        PROVIDE (__start_bss_RAM2 = .)
                [!provide]                        PROVIDE (__start_bss_SRAM_ITC = .)
 *(SORT_BY_ALIGNMENT(.bss.$RAM2))
 *(SORT_BY_ALIGNMENT(.bss.$SRAM_ITC))
 *(SORT_BY_ALIGNMENT(.bss.$RAM2.*))
 *(SORT_BY_ALIGNMENT(.bss.$SRAM_ITC.*))
                0x0000000000000000                . = ALIGN ((. != 0x0)?0x4:0x1)
                [!provide]                        PROVIDE (__end_bss_RAM2 = .)
                [!provide]                        PROVIDE (__end_bss_SRAM_ITC = .)

.bss_RAM3       0x0000000020200000        0x0
                [!provide]                        PROVIDE (__start_bss_RAM3 = .)
                [!provide]                        PROVIDE (__start_bss_SRAM_OC = .)
 *(SORT_BY_ALIGNMENT(.bss.$RAM3))
 *(SORT_BY_ALIGNMENT(.bss.$SRAM_OC))
 *(SORT_BY_ALIGNMENT(.bss.$RAM3.*))
 *(SORT_BY_ALIGNMENT(.bss.$SRAM_OC.*))
                0x0000000020200000                . = ALIGN ((. != 0x0)?0x4:0x1)
                [!provide]                        PROVIDE (__end_bss_RAM3 = .)
                [!provide]                        PROVIDE (__end_bss_SRAM_OC = .)

.bss_RAM4       0x0000000080000000        0x0
                [!provide]                        PROVIDE (__start_bss_RAM4 = .)
                [!provide]                        PROVIDE (__start_bss_BOARD_SDRAM = .)
 *(SORT_BY_ALIGNMENT(.bss.$RAM4))
 *(SORT_BY_ALIGNMENT(.bss.$BOARD_SDRAM))
 *(SORT_BY_ALIGNMENT(.bss.$RAM4.*))
 *(SORT_BY_ALIGNMENT(.bss.$BOARD_SDRAM.*))
                0x0000000080000000                . = ALIGN ((. != 0x0)?0x4:0x1)
                [!provide]                        PROVIDE (__end_bss_RAM4 = .)
                [!provide]                        PROVIDE (__end_bss_BOARD_SDRAM = .)

.bss_RAM5       0x0000000081e00000        0x0
                [!provide]                        PROVIDE (__start_bss_RAM5 = .)
                [!provide]                        PROVIDE (__start_bss_NCACHE_REGION = .)
 *(SORT_BY_ALIGNMENT(.bss.$RAM5))
 *(SORT_BY_ALIGNMENT(.bss.$NCACHE_REGION))
 *(SORT_BY_ALIGNMENT(.bss.$RAM5.*))
 *(SORT_BY_ALIGNMENT(.bss.$NCACHE_REGION.*))
                0x0000000081e00000                . = ALIGN ((. != 0x0)?0x4:0x1)
                [!provide]                        PROVIDE (__end_bss_RAM5 = .)
                [!provide]                        PROVIDE (__end_bss_NCACHE_REGION = .)

.bss            0x0000000020000004      0x114
                0x0000000020000004                _bss = .
                [!provide]                        PROVIDE (__start_bss_RAM = .)
                [!provide]                        PROVIDE (__start_bss_SRAM_DTC = .)
 *(SORT_BY_ALIGNMENT(NonCacheable))
 *(SORT_BY_ALIGNMENT(.bss*))
 .bss.s_debugConsoleState
                0x0000000020000004       0x20 ./utilities/fsl_debug_console.o
 .bss.g_serialHandle
                0x0000000020000024        0x4 ./utilities/fsl_debug_console.o
                0x0000000020000024                g_serialHandle
 .bss.g_systickCounter
                0x0000000020000028        0x4 ./source/led_blinky.o
                0x0000000020000028                g_systickCounter
 .bss.g_xtalFreq
                0x000000002000002c        0x4 ./drivers/fsl_clock.o
                0x000000002000002c                g_xtalFreq
 .bss.g_rtcXtalFreq
                0x0000000020000030        0x4 ./drivers/fsl_clock.o
                0x0000000020000030                g_rtcXtalFreq
 .bss.s_lpuartHandle
                0x0000000020000034       0x24 ./drivers/fsl_lpuart.o
                0x0000000020000034                s_lpuartHandle
 .bss.s_lpuartIsr
                0x0000000020000058        0x4 ./drivers/fsl_lpuart.o
                0x0000000020000058                s_lpuartIsr
 .bss.errno     0x000000002000005c        0x4 /Applications/MCUXpressoIDE_11.6.1_8255/ide/plugins/com.nxp.mcuxpresso.tools.macosx_11.6.1.202207200623/tools/bin/../lib/gcc/arm-none-eabi/10.3.1/../../../../arm-none-eabi/lib/thumb/v7e-m+dp/hard/libcr_c.a(errno.o)
                0x000000002000005c                errno
 .bss.__Ciob    0x0000000020000060       0xb4 /Applications/MCUXpressoIDE_11.6.1_8255/ide/plugins/com.nxp.mcuxpresso.tools.macosx_11.6.1.202207200623/tools/bin/../lib/gcc/arm-none-eabi/10.3.1/../../../../arm-none-eabi/lib/thumb/v7e-m+dp/hard/libcr_nohost_nf.a(__ciob.o)
                0x0000000020000060                __Ciob
 .bss.g_pinSet  0x0000000020000114        0x1 ./source/led_blinky.o
                0x0000000020000114                g_pinSet
 *(SORT_BY_ALIGNMENT(COMMON))
                0x0000000020000118                . = ALIGN (0x4)
 *fill*         0x0000000020000115        0x3 
                0x0000000020000118                _ebss = .
                [!provide]                        PROVIDE (__end_bss_RAM = .)
                [!provide]                        PROVIDE (__end_bss_SRAM_DTC = .)
                [!provide]                        PROVIDE (end = .)

.noinit_RAM2    0x0000000000000000        0x0
                [!provide]                        PROVIDE (__start_noinit_RAM2 = .)
                [!provide]                        PROVIDE (__start_noinit_SRAM_ITC = .)
 *(SORT_BY_ALIGNMENT(.noinit.$RAM2))
 *(SORT_BY_ALIGNMENT(.noinit.$SRAM_ITC))
 *(SORT_BY_ALIGNMENT(.noinit.$RAM2.*))
 *(SORT_BY_ALIGNMENT(.noinit.$SRAM_ITC.*))
                0x0000000000000000                . = ALIGN (0x4)
                [!provide]                        PROVIDE (__end_noinit_RAM2 = .)
                [!provide]                        PROVIDE (__end_noinit_SRAM_ITC = .)

.noinit_RAM3    0x0000000020200000        0x0
                [!provide]                        PROVIDE (__start_noinit_RAM3 = .)
                [!provide]                        PROVIDE (__start_noinit_SRAM_OC = .)
 *(SORT_BY_ALIGNMENT(.noinit.$RAM3))
 *(SORT_BY_ALIGNMENT(.noinit.$SRAM_OC))
 *(SORT_BY_ALIGNMENT(.noinit.$RAM3.*))
 *(SORT_BY_ALIGNMENT(.noinit.$SRAM_OC.*))
                0x0000000020200000                . = ALIGN (0x4)
                [!provide]                        PROVIDE (__end_noinit_RAM3 = .)
                [!provide]                        PROVIDE (__end_noinit_SRAM_OC = .)

.noinit_RAM4    0x0000000080000000        0x0
                [!provide]                        PROVIDE (__start_noinit_RAM4 = .)
                [!provide]                        PROVIDE (__start_noinit_BOARD_SDRAM = .)
 *(SORT_BY_ALIGNMENT(.noinit.$RAM4))
 *(SORT_BY_ALIGNMENT(.noinit.$BOARD_SDRAM))
 *(SORT_BY_ALIGNMENT(.noinit.$RAM4.*))
 *(SORT_BY_ALIGNMENT(.noinit.$BOARD_SDRAM.*))
                0x0000000080000000                . = ALIGN (0x4)
                [!provide]                        PROVIDE (__end_noinit_RAM4 = .)
                [!provide]                        PROVIDE (__end_noinit_BOARD_SDRAM = .)

.noinit_RAM5    0x0000000081e00000        0x0
                [!provide]                        PROVIDE (__start_noinit_RAM5 = .)
                [!provide]                        PROVIDE (__start_noinit_NCACHE_REGION = .)
 *(SORT_BY_ALIGNMENT(.noinit.$RAM5))
 *(SORT_BY_ALIGNMENT(.noinit.$NCACHE_REGION))
 *(SORT_BY_ALIGNMENT(.noinit.$RAM5.*))
 *(SORT_BY_ALIGNMENT(.noinit.$NCACHE_REGION.*))
                0x0000000081e00000                . = ALIGN (0x4)
                [!provide]                        PROVIDE (__end_noinit_RAM5 = .)
                [!provide]                        PROVIDE (__end_noinit_NCACHE_REGION = .)

.noinit         0x0000000020000118        0x0
                0x0000000020000118                _noinit = .
                [!provide]                        PROVIDE (__start_noinit_RAM = .)
                [!provide]                        PROVIDE (__start_noinit_SRAM_DTC = .)
 *(SORT_BY_ALIGNMENT(.noinit*))
                0x0000000020000118                . = ALIGN (0x4)
                0x0000000020000118                _end_noinit = .
                [!provide]                        PROVIDE (__end_noinit_RAM = .)
                [!provide]                        PROVIDE (__end_noinit_SRAM_DTC = .)

.ARM.extab
 *(SORT_BY_ALIGNMENT(.ARM.extab*) SORT_BY_ALIGNMENT(.gnu.linkonce.armextab.*))

.ARM.exidx      0x000000006000588c        0x0
                0x000000006000588c                __exidx_start = .
 *(SORT_BY_ALIGNMENT(.ARM.exidx*) SORT_BY_ALIGNMENT(.gnu.linkonce.armexidx.*))
                0x000000006000588c                __exidx_end = .
                0x0000000000001000                _HeapSize = 0x1000

.heap           0x0000000020000118     0x1000
                0x0000000020000118                _pvHeapStart = .
                0x0000000020001118                . = (. + _HeapSize)
 *fill*         0x0000000020000118     0x1000 
                0x0000000020001118                . = ALIGN (0x4)
                0x0000000020001118                _pvHeapLimit = .
                0x0000000000001000                _StackSize = 0x1000

.heap2stackfill
                0x0000000020001118     0x1000
                0x0000000020002118                . = (. + _StackSize)
 *fill*         0x0000000020001118     0x1000 

.stack          0x000000002001f000        0x0
                0x000000002001f000                _vStackBase = .
                0x000000002001f000                . = ALIGN (0x4)
                0x0000000020020000                _vStackTop = (. + _StackSize)
                0x0000000060002000                _image_start = LOADADDR (.text)
                0x000000006000588c                _image_end = (LOADADDR (.data) + SIZEOF (.data))
                0x000000000000388c                _image_size = (_image_end - _image_start)
OUTPUT(evkmimxrt1060_J_iled_blinky.axf elf32-littlearm)
LOAD linker stubs

.debug_info     0x0000000000000000     0xf9c8
 .debug_info    0x0000000000000000      0x842 ./xip/evkmimxrt1060_flexspi_nor_config.o
 .debug_info    0x0000000000000842      0x463 ./xip/fsl_flexspi_nor_boot.o
 .debug_info    0x0000000000000ca5       0xaa ./utilities/fsl_assert.o
 .debug_info    0x0000000000000d4f      0xc42 ./utilities/fsl_debug_console.o
 .debug_info    0x0000000000001991      0xafc ./utilities/fsl_str.o
 .debug_info    0x000000000000248d      0xe3d ./startup/startup_mimxrt1062.o
 .debug_info    0x00000000000032ca      0xe56 ./source/led_blinky.o
 .debug_info    0x0000000000004120       0x3c ./source/semihost_hardfault.o
 .debug_info    0x000000000000415c     0x2513 ./drivers/fsl_clock.o
 .debug_info    0x000000000000666f      0xdf8 ./drivers/fsl_gpio.o
 .debug_info    0x0000000000007467     0x26ca ./drivers/fsl_lpuart.o
 .debug_info    0x0000000000009b31      0xc53 ./device/system_MIMXRT1062.o
 .debug_info    0x000000000000a784      0xaeb ./component/uart/fsl_adapter_lpuart.o
 .debug_info    0x000000000000b26f      0xca2 ./component/serial_manager/fsl_component_serial_manager.o
 .debug_info    0x000000000000bf11      0x472 ./component/serial_manager/fsl_component_serial_port_uart.o
 .debug_info    0x000000000000c383      0xfc1 ./board/board.o
 .debug_info    0x000000000000d344     0x19ee ./board/clock_config.o
 .debug_info    0x000000000000ed32      0xc96 ./board/pin_mux.o

.debug_abbrev   0x0000000000000000     0x232a
 .debug_abbrev  0x0000000000000000      0x10a ./xip/evkmimxrt1060_flexspi_nor_config.o
 .debug_abbrev  0x000000000000010a       0xe2 ./xip/fsl_flexspi_nor_boot.o
 .debug_abbrev  0x00000000000001ec       0x66 ./utilities/fsl_assert.o
 .debug_abbrev  0x0000000000000252      0x232 ./utilities/fsl_debug_console.o
 .debug_abbrev  0x0000000000000484      0x24d ./utilities/fsl_str.o
 .debug_abbrev  0x00000000000006d1      0x152 ./startup/startup_mimxrt1062.o
 .debug_abbrev  0x0000000000000823      0x1cb ./source/led_blinky.o
 .debug_abbrev  0x00000000000009ee       0x31 ./source/semihost_hardfault.o
 .debug_abbrev  0x0000000000000a1f      0x33b ./drivers/fsl_clock.o
 .debug_abbrev  0x0000000000000d5a      0x2a1 ./drivers/fsl_gpio.o
 .debug_abbrev  0x0000000000000ffb      0x468 ./drivers/fsl_lpuart.o
 .debug_abbrev  0x0000000000001463      0x16e ./device/system_MIMXRT1062.o
 .debug_abbrev  0x00000000000015d1      0x1ad ./component/uart/fsl_adapter_lpuart.o
 .debug_abbrev  0x000000000000177e      0x299 ./component/serial_manager/fsl_component_serial_manager.o
 .debug_abbrev  0x0000000000001a17      0x167 ./component/serial_manager/fsl_component_serial_port_uart.o
 .debug_abbrev  0x0000000000001b7e      0x296 ./board/board.o
 .debug_abbrev  0x0000000000001e14      0x2b5 ./board/clock_config.o
 .debug_abbrev  0x00000000000020c9      0x261 ./board/pin_mux.o

.debug_aranges  0x0000000000000000      0xda0
 .debug_aranges
                0x0000000000000000       0x18 ./xip/evkmimxrt1060_flexspi_nor_config.o
 .debug_aranges
                0x0000000000000018       0x18 ./xip/fsl_flexspi_nor_boot.o
 .debug_aranges
                0x0000000000000030       0x20 ./utilities/fsl_assert.o
 .debug_aranges
                0x0000000000000050       0xa8 ./utilities/fsl_debug_console.o
 .debug_aranges
                0x00000000000000f8       0xb8 ./utilities/fsl_str.o
 .debug_aranges
                0x00000000000001b0      0x570 ./startup/startup_mimxrt1062.o
 .debug_aranges
                0x0000000000000720       0x40 ./source/led_blinky.o
 .debug_aranges
                0x0000000000000760       0x20 ./source/semihost_hardfault.o
 .debug_aranges
                0x0000000000000780      0x1b0 ./drivers/fsl_clock.o
 .debug_aranges
                0x0000000000000930       0x58 ./drivers/fsl_gpio.o
 .debug_aranges
                0x0000000000000988      0x188 ./drivers/fsl_lpuart.o
 .debug_aranges
                0x0000000000000b10       0x30 ./device/system_MIMXRT1062.o
 .debug_aranges
                0x0000000000000b40       0x58 ./component/uart/fsl_adapter_lpuart.o
 .debug_aranges
                0x0000000000000b98       0xa0 ./component/serial_manager/fsl_component_serial_manager.o
 .debug_aranges
                0x0000000000000c38       0x48 ./component/serial_manager/fsl_component_serial_port_uart.o
 .debug_aranges
                0x0000000000000c80       0x58 ./board/board.o
 .debug_aranges
                0x0000000000000cd8       0x78 ./board/clock_config.o
 .debug_aranges
                0x0000000000000d50       0x50 ./board/pin_mux.o

.debug_macro    0x0000000000000000    0x2dd83
 .debug_macro   0x0000000000000000      0x142 ./xip/evkmimxrt1060_flexspi_nor_config.o
 .debug_macro   0x0000000000000142      0xad2 ./xip/evkmimxrt1060_flexspi_nor_config.o
 .debug_macro   0x0000000000000c14       0x10 ./xip/evkmimxrt1060_flexspi_nor_config.o
 .debug_macro   0x0000000000000c24      0x12e ./xip/evkmimxrt1060_flexspi_nor_config.o
 .debug_macro   0x0000000000000d52      0x5b3 ./xip/evkmimxrt1060_flexspi_nor_config.o
 .debug_macro   0x0000000000001305       0x22 ./xip/evkmimxrt1060_flexspi_nor_config.o
 .debug_macro   0x0000000000001327       0x16 ./xip/evkmimxrt1060_flexspi_nor_config.o
 .debug_macro   0x000000000000133d       0x22 ./xip/evkmimxrt1060_flexspi_nor_config.o
 .debug_macro   0x000000000000135f       0x10 ./xip/evkmimxrt1060_flexspi_nor_config.o
 .debug_macro   0x000000000000136f       0x4d ./xip/evkmimxrt1060_flexspi_nor_config.o
 .debug_macro   0x00000000000013bc       0x1c ./xip/evkmimxrt1060_flexspi_nor_config.o
 .debug_macro   0x00000000000013d8       0x22 ./xip/evkmimxrt1060_flexspi_nor_config.o
 .debug_macro   0x00000000000013fa       0xfb ./xip/evkmimxrt1060_flexspi_nor_config.o
 .debug_macro   0x00000000000014f5     0x1313 ./xip/evkmimxrt1060_flexspi_nor_config.o
 .debug_macro   0x0000000000002808      0x11f ./xip/evkmimxrt1060_flexspi_nor_config.o
 .debug_macro   0x0000000000002927       0x22 ./xip/evkmimxrt1060_flexspi_nor_config.o
 .debug_macro   0x0000000000002949       0x22 ./xip/evkmimxrt1060_flexspi_nor_config.o
 .debug_macro   0x000000000000296b    0x26947 ./xip/evkmimxrt1060_flexspi_nor_config.o
 .debug_macro   0x00000000000292b2      0x86a ./xip/evkmimxrt1060_flexspi_nor_config.o
 .debug_macro   0x0000000000029b1c       0x7a ./xip/evkmimxrt1060_flexspi_nor_config.o
 .debug_macro   0x0000000000029b96       0xaf ./xip/evkmimxrt1060_flexspi_nor_config.o
 .debug_macro   0x0000000000029c45      0x24e ./xip/evkmimxrt1060_flexspi_nor_config.o
 .debug_macro   0x0000000000029e93      0x1a4 ./xip/evkmimxrt1060_flexspi_nor_config.o
 .debug_macro   0x000000000002a037      0x167 ./xip/fsl_flexspi_nor_boot.o
 .debug_macro   0x000000000002a19e      0x148 ./xip/fsl_flexspi_nor_boot.o
 .debug_macro   0x000000000002a2e6       0x10 ./xip/fsl_flexspi_nor_boot.o
 .debug_macro   0x000000000002a2f6      0x16e ./xip/fsl_flexspi_nor_boot.o
 .debug_macro   0x000000000002a464       0x7c ./xip/fsl_flexspi_nor_boot.o
 .debug_macro   0x000000000002a4e0      0x16b ./utilities/fsl_assert.o
 .debug_macro   0x000000000002a64b       0x1c ./utilities/fsl_assert.o
 .debug_macro   0x000000000002a667       0x70 ./utilities/fsl_assert.o
 .debug_macro   0x000000000002a6d7       0x46 ./utilities/fsl_assert.o
 .debug_macro   0x000000000002a71d       0x16 ./utilities/fsl_assert.o
 .debug_macro   0x000000000002a733       0x6d ./utilities/fsl_assert.o
 .debug_macro   0x000000000002a7a0       0x16 ./utilities/fsl_assert.o
 .debug_macro   0x000000000002a7b6       0x1c ./utilities/fsl_assert.o
 .debug_macro   0x000000000002a7d2       0x1c ./utilities/fsl_assert.o
 .debug_macro   0x000000000002a7ee      0x1e3 ./utilities/fsl_debug_console.o
 .debug_macro   0x000000000002a9d1       0x16 ./utilities/fsl_debug_console.o
 .debug_macro   0x000000000002a9e7       0x10 ./utilities/fsl_debug_console.o
 .debug_macro   0x000000000002a9f7       0x28 ./utilities/fsl_debug_console.o
 .debug_macro   0x000000000002aa1f       0x50 ./utilities/fsl_debug_console.o
 .debug_macro   0x000000000002aa6f       0x1c ./utilities/fsl_debug_console.o
 .debug_macro   0x000000000002aa8b      0x169 ./utilities/fsl_str.o
 .debug_macro   0x000000000002abf4       0xc4 ./utilities/fsl_str.o
 .debug_macro   0x000000000002acb8      0x1c7 ./utilities/fsl_str.o
 .debug_macro   0x000000000002ae7f       0x56 ./utilities/fsl_str.o
 .debug_macro   0x000000000002aed5       0x29 ./startup/startup_mimxrt1062.o