/Users/jcdonelson/Documents/MCUXpressoIDE_11.6.1_8255/workspace/evkmimxrt1060_J_iled_blinky/drivers/fsl_common_arm.h:210:20:_SDK_AtomicLocalClearAndSet4Byte	48	static
/Users/jcdonelson/Documents/MCUXpressoIDE_11.6.1_8255/workspace/evkmimxrt1060_J_iled_blinky/drivers/fsl_clock.h:1408:20:CLOCK_SetMux	24	static
/Users/jcdonelson/Documents/MCUXpressoIDE_11.6.1_8255/workspace/evkmimxrt1060_J_iled_blinky/drivers/fsl_clock.h:1460:20:CLOCK_SetDiv	24	static
/Users/jcdonelson/Documents/MCUXpressoIDE_11.6.1_8255/workspace/evkmimxrt1060_J_iled_blinky/drivers/fsl_clock.h:1496:20:CLOCK_ControlGate	32	static
/Users/jcdonelson/Documents/MCUXpressoIDE_11.6.1_8255/workspace/evkmimxrt1060_J_iled_blinky/drivers/fsl_clock.h:1523:20:CLOCK_DisableClock	16	static
/Users/jcdonelson/Documents/MCUXpressoIDE_11.6.1_8255/workspace/evkmimxrt1060_J_iled_blinky/drivers/fsl_clock.h:1663:20:CLOCK_SetXtalFreq	16	static
/Users/jcdonelson/Documents/MCUXpressoIDE_11.6.1_8255/workspace/evkmimxrt1060_J_iled_blinky/drivers/fsl_clock.h:1673:20:CLOCK_SetRtcXtalFreq	16	static
/Users/jcdonelson/Documents/MCUXpressoIDE_11.6.1_8255/workspace/evkmimxrt1060_J_iled_blinky/drivers/fsl_clock.h:1730:20:CLOCK_SetPllBypass	24	static
/Users/jcdonelson/Documents/MCUXpressoIDE_11.6.1_8255/workspace/evkmimxrt1060_J_iled_blinky/drivers/fsl_iomuxc.h:1363:20:IOMUXC_SetSaiMClkClockSource	24	static
/Users/jcdonelson/Documents/MCUXpressoIDE_11.6.1_8255/workspace/evkmimxrt1060_J_iled_blinky/drivers/fsl_iomuxc.h:1423:20:IOMUXC_MQSConfig	24	static
../board/clock_config.c:40:6:BOARD_InitBootClocks	8	static
../board/clock_config.c:169:6:BOARD_BootClockRUN	16	static
