/Users/jcdonelson/Documents/MCUXpressoIDE_11.6.1_8255/workspace/evkmimxrt1060_J_iled_blinky/drivers/fsl_common_arm.h:210:20:_SDK_AtomicLocalClearAndSet4Byte	48	static
/Users/jcdonelson/Documents/MCUXpressoIDE_11.6.1_8255/workspace/evkmimxrt1060_J_iled_blinky/drivers/fsl_clock.h:1496:20:CLOCK_ControlGate	32	static
/Users/jcdonelson/Documents/MCUXpressoIDE_11.6.1_8255/workspace/evkmimxrt1060_J_iled_blinky/drivers/fsl_clock.h:1513:20:CLOCK_EnableClock	16	static
/Users/jcdonelson/Documents/MCUXpressoIDE_11.6.1_8255/workspace/evkmimxrt1060_J_iled_blinky/drivers/fsl_iomuxc.h:1288:20:IOMUXC_SetPinMux	24	static
/Users/jcdonelson/Documents/MCUXpressoIDE_11.6.1_8255/workspace/evkmimxrt1060_J_iled_blinky/drivers/fsl_iomuxc.h:1320:20:IOMUXC_SetPinConfig	24	static
../board/pin_mux.c:33:6:BOARD_InitBootPins	8	static
../board/pin_mux.c:56:6:BOARD_InitPins	32	static
